Component: ARM Compiler 5.06 update 6 (build 750) Tool: armlink [4d35ed]

==============================================================================

Section Cross References

    system_mm32spin2xx_p.o(i.AutoCalPllFactor) refers to uidiv.o(.text) for __aeabi_uidivmod
    system_mm32spin2xx_p.o(i.SetSysClock) refers to system_mm32spin2xx_p.o(i.SetSysClockToXX) for SetSysClockToXX
    system_mm32spin2xx_p.o(i.SetSysClockToXX) refers to uidiv.o(.text) for __aeabi_uidivmod
    system_mm32spin2xx_p.o(i.SetSysClockToXX) refers to system_mm32spin2xx_p.o(i.AutoCalPllFactor) for AutoCalPllFactor
    system_mm32spin2xx_p.o(i.SetSysClockToXX) refers to system_mm32spin2xx_p.o(.data) for SystemCoreClock
    system_mm32spin2xx_p.o(i.SystemInit) refers to system_mm32spin2xx_p.o(i.SetSysClock) for SetSysClock
    startup_mm32spin2xx_p.o(RESET) refers to startup_mm32spin2xx_p.o(STACK) for __initial_sp
    startup_mm32spin2xx_p.o(RESET) refers to startup_mm32spin2xx_p.o(.text) for Reset_Handler
    startup_mm32spin2xx_p.o(RESET) refers to mm32spin2x_p_it.o(i.SysTick_Handler) for SysTick_Handler
    startup_mm32spin2xx_p.o(RESET) refers to mm32spin2x_p_it.o(i.TIM2_IRQHandler) for TIM2_IRQHandler
    startup_mm32spin2xx_p.o(.text) refers to startup_mm32spin2xx_p.o(STACK) for __initial_sp
    startup_mm32spin2xx_p.o(.text) refers to system_mm32spin2xx_p.o(i.SystemInit) for SystemInit
    startup_mm32spin2xx_p.o(.text) refers to entry.o(.ARM.Collect$$$$00000000) for __main
    hal_adc.o(i.ADC_DeInit) refers to hal_rcc.o(i.RCC_APB2PeriphResetCmd) for RCC_APB2PeriphResetCmd
    hal_div.o(i.Divider_Calc) refers to uidiv.o(.text) for __aeabi_uidivmod
    hal_flash.o(i.FLASH_EnableWriteProtection) refers to hal_flash.o(i.FLASH_WaitForLastOperation) for FLASH_WaitForLastOperation
    hal_flash.o(i.FLASH_EraseAllPages) refers to hal_flash.o(i.FLASH_WaitForLastOperation) for FLASH_WaitForLastOperation
    hal_flash.o(i.FLASH_EraseOptionBlock) refers to hal_flash.o(i.FLASH_WaitForLastOperation) for FLASH_WaitForLastOperation
    hal_flash.o(i.FLASH_EraseOptionBytes) refers to hal_flash.o(i.FLASH_WaitForLastOperation) for FLASH_WaitForLastOperation
    hal_flash.o(i.FLASH_ErasePage) refers to hal_flash.o(i.FLASH_WaitForLastOperation) for FLASH_WaitForLastOperation
    hal_flash.o(i.FLASH_ProgramHalfWord) refers to hal_flash.o(i.FLASH_WaitForLastOperation) for FLASH_WaitForLastOperation
    hal_flash.o(i.FLASH_ProgramOptionByteData) refers to hal_flash.o(i.FLASH_WaitForLastOperation) for FLASH_WaitForLastOperation
    hal_flash.o(i.FLASH_ProgramOptionHalfWord) refers to hal_flash.o(i.FLASH_WaitForLastOperation) for FLASH_WaitForLastOperation
    hal_flash.o(i.FLASH_ProgramWord) refers to hal_flash.o(i.FLASH_WaitForLastOperation) for FLASH_WaitForLastOperation
    hal_flash.o(i.FLASH_UserOptionByteConfig) refers to hal_flash.o(i.FLASH_WaitForLastOperation) for FLASH_WaitForLastOperation
    hal_flash.o(i.FLASH_WaitForLastOperation) refers to hal_flash.o(i.FLASH_GetStatus) for FLASH_GetStatus
    hal_flash.o(i.FLASH_WaitForLastOperation) refers to hal_flash.o(i.delay) for delay
    hal_gpio.o(i.GPIO_DeInit) refers to hal_rcc.o(i.RCC_AHBPeriphClockCmd) for RCC_AHBPeriphClockCmd
    hal_i2c.o(i.I2C_CheckEvent) refers to hal_i2c.o(.data) for I2C_CMD_DIR
    hal_i2c.o(i.I2C_DMACmd) refers to hal_i2c.o(.data) for I2C_DMA_DIR
    hal_i2c.o(i.I2C_DeInit) refers to hal_rcc.o(i.RCC_APB1PeriphResetCmd) for RCC_APB1PeriphResetCmd
    hal_i2c.o(i.I2C_GetFlagStatus) refers to hal_i2c.o(.data) for I2C_CMD_DIR
    hal_i2c.o(i.I2C_Init) refers to hal_rcc.o(i.RCC_GetClocksFreq) for RCC_GetClocksFreq
    hal_i2c.o(i.I2C_Init) refers to uidiv.o(.text) for __aeabi_uidivmod
    hal_i2c.o(i.I2C_ReceiveData) refers to hal_i2c.o(.data) for I2C_CMD_DIR
    hal_pwr.o(i.PWR_DeInit) refers to hal_rcc.o(i.RCC_APB1PeriphResetCmd) for RCC_APB1PeriphResetCmd
    hal_rcc.o(i.RCC_GetClocksFreq) refers to uidiv.o(.text) for __aeabi_uidivmod
    hal_rcc.o(i.RCC_GetClocksFreq) refers to hal_rcc.o(.data) for APBAHBPrescTable
    hal_rcc.o(i.RCC_PLLConfig) refers to hal_rcc.o(i.RCC_PLLDMDNConfig) for RCC_PLLDMDNConfig
    hal_rcc.o(i.RCC_WaitForHSEStartUp) refers to hal_rcc.o(i.RCC_GetFlagStatus) for RCC_GetFlagStatus
    hal_spi.o(i.SPI_DeInit) refers to hal_rcc.o(i.RCC_APB1PeriphResetCmd) for RCC_APB1PeriphResetCmd
    hal_spi.o(i.SPI_DeInit) refers to hal_rcc.o(i.RCC_APB2PeriphResetCmd) for RCC_APB2PeriphResetCmd
    hal_tim.o(i.TIM_DeInit) refers to hal_rcc.o(i.RCC_APB2PeriphResetCmd) for RCC_APB2PeriphResetCmd
    hal_tim.o(i.TIM_DeInit) refers to hal_rcc.o(i.RCC_APB1PeriphResetCmd) for RCC_APB1PeriphResetCmd
    hal_tim.o(i.TIM_ETRClockMode1Config) refers to hal_tim.o(i.TIM_ETRConfig) for TIM_ETRConfig
    hal_tim.o(i.TIM_ETRClockMode2Config) refers to hal_tim.o(i.TIM_ETRConfig) for TIM_ETRConfig
    hal_tim.o(i.TIM_ICInit) refers to hal_tim.o(i.TI1_Config) for TI1_Config
    hal_tim.o(i.TIM_ICInit) refers to hal_tim.o(i.TIM_SetIC1Prescaler) for TIM_SetIC1Prescaler
[...]
    motor.o(i.init_gpio) refers to hal_gpio.o(i.GPIO_ResetBits) for GPIO_ResetBits
    motor.o(i.init_motor) refers to motor.o(i.init_gpio) for init_gpio
    motor.o(i.init_motor) refers to motor.o(i.initPWMTIM) for initPWMTIM
    motor.o(i.init_motor) refers to hal_tim.o(i.TIM_Cmd) for TIM_Cmd
    motor.o(i.left_motor) refers to hal_tim.o(i.TIM_CtrlPWMOutputs) for TIM_CtrlPWMOutputs
    motor.o(i.left_motor) refers to hal_gpio.o(i.GPIO_ResetBits) for GPIO_ResetBits
    motor.o(i.left_motor) refers to hal_tim.o(i.TIM_SetCompare1) for TIM_SetCompare1
    motor.o(i.left_motor) refers to hal_tim.o(i.TIM_Cmd) for TIM_Cmd
    motor.o(i.left_motor) refers to hal_gpio.o(i.GPIO_SetBits) for GPIO_SetBits
    motor.o(i.right_motor) refers to hal_tim.o(i.TIM_CtrlPWMOutputs) for TIM_CtrlPWMOutputs
    motor.o(i.right_motor) refers to hal_gpio.o(i.GPIO_ResetBits) for GPIO_ResetBits
    motor.o(i.right_motor) refers to hal_tim.o(i.TIM_SetCompare3) for TIM_SetCompare3
    motor.o(i.right_motor) refers to hal_tim.o(i.TIM_Cmd) for TIM_Cmd
    motor.o(i.right_motor) refers to hal_gpio.o(i.GPIO_SetBits) for GPIO_SetBits
    encode.o(i.init_encode) refers to hal_rcc.o(i.RCC_AHBPeriphClockCmd) for RCC_AHBPeriphClockCmd
    encode.o(i.init_encode) refers to hal_gpio.o(i.GPIO_PinAFConfig) for GPIO_PinAFConfig
    encode.o(i.init_encode) refers to hal_gpio.o(i.GPIO_Init) for GPIO_Init
    encode.o(i.init_encode) refers to hal_rcc.o(i.RCC_APB1PeriphClockCmd) for RCC_APB1PeriphClockCmd
    encode.o(i.init_encode) refers to hal_tim.o(i.TIM_DeInit) for TIM_DeInit
    encode.o(i.init_encode) refers to hal_tim.o(i.TIM_TimeBaseStructInit) for TIM_TimeBaseStructInit
    encode.o(i.init_encode) refers to hal_tim.o(i.TIM_TimeBaseInit) for TIM_TimeBaseInit
    encode.o(i.init_encode) refers to hal_tim.o(i.TIM_EncoderInterfaceConfig) for TIM_EncoderInterfaceConfig
    encode.o(i.init_encode) refers to hal_tim.o(i.TIM_ICStructInit) for TIM_ICStructInit
    encode.o(i.init_encode) refers to hal_tim.o(i.TIM_ICInit) for TIM_ICInit
    encode.o(i.init_encode) refers to hal_tim.o(i.TIM_SetCounter) for TIM_SetCounter
    encode.o(i.init_encode) refers to hal_tim.o(i.TIM_Cmd) for TIM_Cmd
    usart.o(i.NVIC_Uart1_Init) refers to hal_misc.o(i.NVIC_Init) for NVIC_Init
    usart.o(i.Uart1_Init) refers to hal_rcc.o(i.RCC_AHBPeriphClockCmd) for RCC_AHBPeriphClockCmd
    usart.o(i.Uart1_Init) refers to hal_gpio.o(i.GPIO_PinAFConfig) for GPIO_PinAFConfig
    usart.o(i.Uart1_Init) refers to hal_gpio.o(i.GPIO_Init) for GPIO_Init
    usart.o(i.Uart1_Init) refers to hal_rcc.o(i.RCC_APB2PeriphClockCmd) for RCC_APB2PeriphClockCmd
    usart.o(i.Uart1_Init) refers to hal_uart.o(i.UART_Init) for UART_Init
    usart.o(i.Uart1_Init) refers to hal_uart.o(i.UART_ITConfig) for UART_ITConfig
    usart.o(i.Uart1_Init) refers to hal_uart.o(i.UART_Cmd) for UART_Cmd
    usart.o(i.UartSendAscii) refers to usart.o(i.UartSendByte) for UartSendByte
    usart.o(i.UartSendByte) refers to hal_uart.o(i.UART_SendData) for UART_SendData
    usart.o(i.UartSendByte) refers to hal_uart.o(i.UART_GetFlagStatus) for UART_GetFlagStatus
    usart.o(i.UartSendGroup) refers to usart.o(i.UartSendByte) for UartSendByte
    usart.o(i.fgetc) refers to hal_uart.o(i.UART_GetFlagStatus) for UART_GetFlagStatus
    usart.o(i.fgetc) refers to hal_uart.o(i.UART_ReceiveData) for UART_ReceiveData
    usart.o(i.fputc) refers to usart.o(i.UartSendByte) for UartSendByte
    usart.o(i.fputc) refers to hal_uart.o(i.UART_GetFlagStatus) for UART_GetFlagStatus
    entry.o(.ARM.Collect$$$$00000000) refers (Special) to entry10a.o(.ARM.Collect$$$$0000000D) for __rt_final_cpp
    entry.o(.ARM.Collect$$$$00000000) refers (Special) to entry11a.o(.ARM.Collect$$$$0000000F) for __rt_final_exit
    entry.o(.ARM.Collect$$$$00000000) refers (Special) to entry7b.o(.ARM.Collect$$$$00000008) for _main_clock
    entry.o(.ARM.Collect$$$$00000000) refers (Special) to entry8b.o(.ARM.Collect$$$$0000000A) for _main_cpp_init
    entry.o(.ARM.Collect$$$$00000000) refers (Special) to entry9a.o(.ARM.Collect$$$$0000000B) for _main_init
    entry.o(.ARM.Collect$$$$00000000) refers (Special) to entry5.o(.ARM.Collect$$$$00000004) for _main_scatterload
    entry.o(.ARM.Collect$$$$00000000) refers (Special) to entry2.o(.ARM.Collect$$$$00000001) for _main_stk
    printfb.o(i.__0fprintf$bare) refers to printfb.o(i._printf_core) for _printf_core
    printfb.o(i.__0fprintf$bare) refers to usart.o(i.fputc) for fputc
    printfb.o(i.__0printf$bare) refers to printfb.o(i._printf_core) for _printf_core
    printfb.o(i.__0printf$bare) refers to usart.o(i.fputc) for fputc
    printfb.o(i.__0printf$bare) refers to stdout.o(.data) for __stdout
    printfb.o(i.__0snprintf$bare) refers to printfb.o(i._printf_core) for _printf_core
    printfb.o(i.__0snprintf$bare) refers to printfb.o(i._snputc) for _snputc
    printfb.o(i.__0sprintf$bare) refers to printfb.o(i._printf_core) for _printf_core
    printfb.o(i.__0sprintf$bare) refers to printfb.o(i._sputc) for _sputc
    printfb.o(i.__0vfprintf$bare) refers to printfb.o(i._printf_core) for _printf_core
    printfb.o(i.__0vfprintf$bare) refers to usart.o(i.fputc) for fputc
    printfb.o(i.__0vprintf$bare) refers to printfb.o(i._printf_core) for _printf_core
    printfb.o(i.__0vprintf$bare) refers to usart.o(i.fputc) for fputc
    printfb.o(i.__0vprintf$bare) refers to stdout.o(.data) for __stdout
    printfb.o(i.__0vsnprintf$bare) refers to printfb.o(i._printf_core) for _printf_core
    printfb.o(i.__0vsnprintf$bare) refers to printfb.o(i._snputc) for _snputc
    printfb.o(i.__0vsprintf$bare) refers to printfb.o(i._printf_core) for _printf_core
    printfb.o(i.__0vsprintf$bare) refers to printfb.o(i._sputc) for _sputc
    printf0.o(i.__0fprintf$0) refers to printf0.o(i._printf_core) for _printf_core
    printf0.o(i.__0fprintf$0) refers to usart.o(i.fputc) for fputc
    printf0.o(i.__0printf$0) refers to printf0.o(i._printf_core) for _printf_core
    printf0.o(i.__0printf$0) refers to usart.o(i.fputc) for fputc
    printf0.o(i.__0printf$0) refers to stdout.o(.data) for __stdout
    printf0.o(i.__0snprintf$0) refers to printf0.o(i._printf_core) for _printf_core
    printf0.o(i.__0snprintf$0) refers to printf0.o(i._snputc) for _snputc
    printf0.o(i.__0sprintf$0) refers to printf0.o(i._printf_core) for _printf_core
    printf0.o(i.__0sprintf$0) refers to printf0.o(i._sputc) for _sputc
    printf0.o(i.__0vfprintf$0) refers to printf0.o(i._printf_core) for _printf_core
    printf0.o(i.__0vfprintf$0) refers to usart.o(i.fputc) for fputc
    printf0.o(i.__0vprintf$0) refers to printf0.o(i._printf_core) for _printf_core
    printf0.o(i.__0vprintf$0) refers to usart.o(i.fputc) for fputc
    printf0.o(i.__0vprintf$0) refers to stdout.o(.data) for __stdout
    printf0.o(i.__0vsnprintf$0) refers to printf0.o(i._printf_core) for _printf_core
    printf0.o(i.__0vsnprintf$0) refers to printf0.o(i._snputc) for _snputc
    printf0.o(i.__0vsprintf$0) refers to printf0.o(i._printf_core) for _printf_core
    printf0.o(i.__0vsprintf$0) refers to printf0.o(i._sputc) for _sputc
    printf1.o(i.__0fprintf$1) refers to printf1.o(i._printf_core) for _printf_core
    printf1.o(i.__0fprintf$1) refers to usart.o(i.fputc) for fputc
    printf1.o(i.__0printf$1) refers to printf1.o(i._printf_core) for _printf_core
    printf1.o(i.__0printf$1) refers to usart.o(i.fputc) for fputc
    printf1.o(i.__0printf$1) refers to stdout.o(.data) for __stdout
    printf1.o(i.__0snprintf$1) refers to printf1.o(i._printf_core) for _printf_core
    printf1.o(i.__0snprintf$1) refers to printf1.o(i._snputc) for _snputc
    printf1.o(i.__0sprintf$1) refers to printf1.o(i._printf_core) for _printf_core
    printf1.o(i.__0sprintf$1) refers to printf1.o(i._sputc) for _sputc
    printf1.o(i.__0vfprintf$1) refers to printf1.o(i._printf_core) for _printf_core
    printf1.o(i.__0vfprintf$1) refers to usart.o(i.fputc) for fputc
    printf1.o(i.__0vprintf$1) refers to printf1.o(i._printf_core) for _printf_core
    printf1.o(i.__0vprintf$1) refers to usart.o(i.fputc) for fputc
    printf1.o(i.__0vprintf$1) refers to stdout.o(.data) for __stdout
    printf1.o(i.__0vsnprintf$1) refers to printf1.o(i._printf_core) for _printf_core
    printf1.o(i.__0vsnprintf$1) refers to printf1.o(i._snputc) for _snputc
    printf1.o(i.__0vsprintf$1) refers to printf1.o(i._printf_core) for _printf_core
    printf1.o(i.__0vsprintf$1) refers to printf1.o(i._sputc) for _sputc
    printf1.o(i._printf_core) refers to uidiv.o(.text) for __aeabi_uidivmod
    printf2.o(i.__0fprintf$2) refers to printf2.o(i._printf_core) for _printf_core
    printf2.o(i.__0fprintf$2) refers to usart.o(i.fputc) for fputc
    printf2.o(i.__0printf$2) refers to printf2.o(i._printf_core) for _printf_core
    printf2.o(i.__0printf$2) refers to usart.o(i.fputc) for fputc
    printf2.o(i.__0printf$2) refers to stdout.o(.data) for __stdout
    printf2.o(i.__0snprintf$2) refers to printf2.o(i._printf_core) for _printf_core
    printf2.o(i.__0snprintf$2) refers to printf2.o(i._snputc) for _snputc
    printf2.o(i.__0sprintf$2) refers to printf2.o(i._printf_core) for _printf_core
    printf2.o(i.__0sprintf$2) refers to printf2.o(i._sputc) for _sputc
    printf2.o(i.__0vfprintf$2) refers to printf2.o(i._printf_core) for _printf_core
    printf2.o(i.__0vfprintf$2) refers to usart.o(i.fputc) for fputc
    printf2.o(i.__0vprintf$2) refers to printf2.o(i._printf_core) for _printf_core
    printf2.o(i.__0vprintf$2) refers to usart.o(i.fputc) for fputc
    printf2.o(i.__0vprintf$2) refers to stdout.o(.data) for __stdout
    printf2.o(i.__0vsnprintf$2) refers to printf2.o(i._printf_core) for _printf_core
    printf2.o(i.__0vsnprintf$2) refers to printf2.o(i._snputc) for _snputc
    printf2.o(i.__0vsprintf$2) refers to printf2.o(i._printf_core) for _printf_core
    printf2.o(i.__0vsprintf$2) refers to printf2.o(i._sputc) for _sputc
    printf3.o(i.__0fprintf$3) refers to printf3.o(i._printf_core) for _printf_core
    printf3.o(i.__0fprintf$3) refers to usart.o(i.fputc) for fputc
    printf3.o(i.__0printf$3) refers to printf3.o(i._printf_core) for _printf_core
    printf3.o(i.__0printf$3) refers to usart.o(i.fputc) for fputc
    printf3.o(i.__0printf$3) refers to stdout.o(.data) for __stdout
    printf3.o(i.__0snprintf$3) refers to printf3.o(i._printf_core) for _printf_core
    printf3.o(i.__0snprintf$3) refers to printf3.o(i._snputc) for _snputc
    printf3.o(i.__0sprintf$3) refers to printf3.o(i._printf_core) for _printf_core
    printf3.o(i.__0sprintf$3) refers to printf3.o(i._sputc) for _sputc
    printf3.o(i.__0vfprintf$3) refers to printf3.o(i._printf_core) for _printf_core
    printf3.o(i.__0vfprintf$3) refers to usart.o(i.fputc) for fputc
    printf3.o(i.__0vprintf$3) refers to printf3.o(i._printf_core) for _printf_core
    printf3.o(i.__0vprintf$3) refers to usart.o(i.fputc) for fputc
    printf3.o(i.__0vprintf$3) refers to stdout.o(.data) for __stdout
    printf3.o(i.__0vsnprintf$3) refers to printf3.o(i._printf_core) for _printf_core
    printf3.o(i.__0vsnprintf$3) refers to printf3.o(i._snputc) for _snputc
    printf3.o(i.__0vsprintf$3) refers to printf3.o(i._printf_core) for _printf_core
    printf3.o(i.__0vsprintf$3) refers to printf3.o(i._sputc) for _sputc
    printf3.o(i._printf_core) refers to uidiv.o(.text) for __aeabi_uidivmod
    printf4.o(i.__0fprintf$4) refers to printf4.o(i._printf_core) for _printf_core
    printf4.o(i.__0fprintf$4) refers to usart.o(i.fputc) for fputc
    printf4.o(i.__0printf$4) refers to printf4.o(i._printf_core) for _printf_core
    printf4.o(i.__0printf$4) refers to usart.o(i.fputc) for fputc
    printf4.o(i.__0printf$4) refers to stdout.o(.data) for __stdout
    printf4.o(i.__0snprintf$4) refers to printf4.o(i._printf_core) for _printf_core
    printf4.o(i.__0snprintf$4) refers to printf4.o(i._snputc) for _snputc
    printf4.o(i.__0sprintf$4) refers to printf4.o(i._printf_core) for _printf_core
    printf4.o(i.__0sprintf$4) refers to printf4.o(i._sputc) for _sputc
    printf4.o(i.__0vfprintf$4) refers to printf4.o(i._printf_core) for _printf_core
    printf4.o(i.__0vfprintf$4) refers to usart.o(i.fputc) for fputc
    printf4.o(i.__0vprintf$4) refers to printf4.o(i._printf_core) for _printf_core
    printf4.o(i.__0vprintf$4) refers to usart.o(i.fputc) for fputc
    printf4.o(i.__0vprintf$4) refers to stdout.o(.data) for __stdout
    printf4.o(i.__0vsnprintf$4) refers to printf4.o(i._printf_core) for _printf_core
    printf4.o(i.__0vsnprintf$4) refers to printf4.o(i._snputc) for _snputc
    printf4.o(i.__0vsprintf$4) refers to printf4.o(i._printf_core) for _printf_core
    printf4.o(i.__0vsprintf$4) refers to printf4.o(i._sputc) for _sputc
    printf4.o(i._printf_core) refers to uldiv.o(.text) for __aeabi_uldivmod
    printf5.o(i.__0fprintf$5) refers to printf5.o(i._printf_core) for _printf_core
    printf5.o(i.__0fprintf$5) refers to usart.o(i.fputc) for fputc
    printf5.o(i.__0printf$5) refers to printf5.o(i._printf_core) for _printf_core
    printf5.o(i.__0printf$5) refers to usart.o(i.fputc) for fputc
    printf5.o(i.__0printf$5) refers to stdout.o(.data) for __stdout
    printf5.o(i.__0snprintf$5) refers to printf5.o(i._printf_core) for _printf_core
    printf5.o(i.__0snprintf$5) refers to printf5.o(i._snputc) for _snputc
    printf5.o(i.__0sprintf$5) refers to printf5.o(i._printf_core) for _printf_core
    printf5.o(i.__0sprintf$5) refers to printf5.o(i._sputc) for _sputc
    printf5.o(i.__0vfprintf$5) refers to printf5.o(i._printf_core) for _printf_core
    printf5.o(i.__0vfprintf$5) refers to usart.o(i.fputc) for fputc
    printf5.o(i.__0vprintf$5) refers to printf5.o(i._printf_core) for _printf_core
    printf5.o(i.__0vprintf$5) refers to usart.o(i.fputc) for fputc
    printf5.o(i.__0vprintf$5) refers to stdout.o(.data) for __stdout
    printf5.o(i.__0vsnprintf$5) refers to printf5.o(i._printf_core) for _printf_core
    printf5.o(i.__0vsnprintf$5) refers to printf5.o(i._snputc) for _snputc
    printf5.o(i.__0vsprintf$5) refers to printf5.o(i._printf_core) for _printf_core
    printf5.o(i.__0vsprintf$5) refers to printf5.o(i._sputc) for _sputc
    printf5.o(i._printf_core) refers to uldiv.o(.text) for __aeabi_uldivmod
    printf6.o(i.__0fprintf$6) refers to printf6.o(i._printf_core) for _printf_core
    printf6.o(i.__0fprintf$6) refers to usart.o(i.fputc) for fputc
    printf6.o(i.__0printf$6) refers to printf6.o(i._printf_core) for _printf_core
    printf6.o(i.__0printf$6) refers to usart.o(i.fputc) for fputc
    printf6.o(i.__0printf$6) refers to stdout.o(.data) for __stdout
    printf6.o(i.__0snprintf$6) refers to printf6.o(i._printf_core) for _printf_core
    printf6.o(i.__0snprintf$6) refers to printf6.o(i._snputc) for _snputc
    printf6.o(i.__0sprintf$6) refers to printf6.o(i._printf_core) for _printf_core
    printf6.o(i.__0sprintf$6) refers to printf6.o(i._sputc) for _sputc
    printf6.o(i.__0vfprintf$6) refers to printf6.o(i._printf_core) for _printf_core
    printf6.o(i.__0vfprintf$6) refers to usart.o(i.fputc) for fputc
    printf6.o(i.__0vprintf$6) refers to printf6.o(i._printf_core) for _printf_core
    printf6.o(i.__0vprintf$6) refers to usart.o(i.fputc) for fputc
    printf6.o(i.__0vprintf$6) refers to stdout.o(.data) for __stdout
    printf6.o(i.__0vsnprintf$6) refers to printf6.o(i._printf_core) for _printf_core
    printf6.o(i.__0vsnprintf$6) refers to printf6.o(i._snputc) for _snputc
    printf6.o(i.__0vsprintf$6) refers to printf6.o(i._printf_core) for _printf_core
    printf6.o(i.__0vsprintf$6) refers to printf6.o(i._sputc) for _sputc
    printf6.o(i._printf_core) refers to printf6.o(i._printf_pre_padding) for _printf_pre_padding
    printf6.o(i._printf_core) refers to printf6.o(i._printf_post_padding) for _printf_post_padding
    printf6.o(i._printf_core) refers to uidiv.o(.text) for __aeabi_uidivmod
    printf7.o(i.__0fprintf$7) refers to printf7.o(i._printf_core) for _printf_core
    printf7.o(i.__0fprintf$7) refers to usart.o(i.fputc) for fputc
    printf7.o(i.__0printf$7) refers to printf7.o(i._printf_core) for _printf_core
    printf7.o(i.__0printf$7) refers to usart.o(i.fputc) for fputc
    printf7.o(i.__0printf$7) refers to stdout.o(.data) for __stdout
    printf7.o(i.__0snprintf$7) refers to printf7.o(i._printf_core) for _printf_core
    printf7.o(i.__0snprintf$7) refers to printf7.o(i._snputc) for _snputc
    printf7.o(i.__0sprintf$7) refers to printf7.o(i._printf_core) for _printf_core
    printf7.o(i.__0sprintf$7) refers to printf7.o(i._sputc) for _sputc
    printf7.o(i.__0vfprintf$7) refers to printf7.o(i._printf_core) for _printf_core
    printf7.o(i.__0vfprintf$7) refers to usart.o(i.fputc) for fputc
    printf7.o(i.__0vprintf$7) refers to printf7.o(i._printf_core) for _printf_core
    printf7.o(i.__0vprintf$7) refers to usart.o(i.fputc) for fputc
    printf7.o(i.__0vprintf$7) refers to stdout.o(.data) for __stdout
    printf7.o(i.__0vsnprintf$7) refers to printf7.o(i._printf_core) for _printf_core
    printf7.o(i.__0vsnprintf$7) refers to printf7.o(i._snputc) for _snputc
    printf7.o(i.__0vsprintf$7) refers to printf7.o(i._printf_core) for _printf_core
    printf7.o(i.__0vsprintf$7) refers to printf7.o(i._sputc) for _sputc
    printf7.o(i._printf_core) refers to printf7.o(i._printf_pre_padding) for _printf_pre_padding
    printf7.o(i._printf_core) refers to printf7.o(i._printf_post_padding) for _printf_post_padding
    printf7.o(i._printf_core) refers to uldiv.o(.text) for __aeabi_uldivmod
    printf8.o(i.__0fprintf$8) refers to printf8.o(i._printf_core) for _printf_core
    printf8.o(i.__0fprintf$8) refers to usart.o(i.fputc) for fputc
    printf8.o(i.__0printf$8) refers to printf8.o(i._printf_core) for _printf_core
    printf8.o(i.__0printf$8) refers to usart.o(i.fputc) for fputc
    printf8.o(i.__0printf$8) refers to stdout.o(.data) for __stdout
    printf8.o(i.__0snprintf$8) refers to printf8.o(i._printf_core) for _printf_core
    printf8.o(i.__0snprintf$8) refers to printf8.o(i._snputc) for _snputc
    printf8.o(i.__0sprintf$8) refers to printf8.o(i._printf_core) for _printf_core
    printf8.o(i.__0sprintf$8) refers to printf8.o(i._sputc) for _sputc
    printf8.o(i.__0vfprintf$8) refers to printf8.o(i._printf_core) for _printf_core
    printf8.o(i.__0vfprintf$8) refers to usart.o(i.fputc) for fputc
    printf8.o(i.__0vprintf$8) refers to printf8.o(i._printf_core) for _printf_core
    printf8.o(i.__0vprintf$8) refers to usart.o(i.fputc) for fputc
    printf8.o(i.__0vprintf$8) refers to stdout.o(.data) for __stdout
    printf8.o(i.__0vsnprintf$8) refers to printf8.o(i._printf_core) for _printf_core
    printf8.o(i.__0vsnprintf$8) refers to printf8.o(i._snputc) for _snputc
    printf8.o(i.__0vsprintf$8) refers to printf8.o(i._printf_core) for _printf_core
    printf8.o(i.__0vsprintf$8) refers to printf8.o(i._sputc) for _sputc
    printf8.o(i._printf_core) refers to printf8.o(i._printf_pre_padding) for _printf_pre_padding
    printf8.o(i._printf_core) refers to printf8.o(i._printf_post_padding) for _printf_post_padding
    printf8.o(i._printf_core) refers to uldiv.o(.text) for __aeabi_uldivmod
    printfa.o(i.__0fprintf) refers (Special) to iusefp.o(.text) for __I$use$fp
    printfa.o(i.__0fprintf) refers to printfa.o(i._printf_core) for _printf_core
    printfa.o(i.__0fprintf) refers to usart.o(i.fputc) for fputc
    printfa.o(i.__0printf) refers (Special) to iusefp.o(.text) for __I$use$fp
    printfa.o(i.__0printf) refers to printfa.o(i._printf_core) for _printf_core
    printfa.o(i.__0printf) refers to usart.o(i.fputc) for fputc
    printfa.o(i.__0printf) refers to stdout.o(.data) for __stdout
    printfa.o(i.__0snprintf) refers (Special) to iusefp.o(.text) for __I$use$fp
    printfa.o(i.__0snprintf) refers to printfa.o(i._printf_core) for _printf_core
    printfa.o(i.__0snprintf) refers to printfa.o(i._snputc) for _snputc
    printfa.o(i.__0sprintf) refers (Special) to iusefp.o(.text) for __I$use$fp
    printfa.o(i.__0sprintf) refers to printfa.o(i._printf_core) for _printf_core
    printfa.o(i.__0sprintf) refers to printfa.o(i._sputc) for _sputc
    printfa.o(i.__0vfprintf) refers (Special) to iusefp.o(.text) for __I$use$fp
    printfa.o(i.__0vfprintf) refers to printfa.o(i._printf_core) for _printf_core
    printfa.o(i.__0vfprintf) refers to usart.o(i.fputc) for fputc
    printfa.o(i.__0vprintf) refers (Special) to iusefp.o(.text) for __I$use$fp
    printfa.o(i.__0vprintf) refers to printfa.o(i._printf_core) for _printf_core
    printfa.o(i.__0vprintf) refers to usart.o(i.fputc) for fputc
    printfa.o(i.__0vprintf) refers to stdout.o(.data) for __stdout
    printfa.o(i.__0vsnprintf) refers (Special) to iusefp.o(.text) for __I$use$fp
    printfa.o(i.__0vsnprintf) refers to printfa.o(i._printf_core) for _printf_core
    printfa.o(i.__0vsnprintf) refers to printfa.o(i._snputc) for _snputc
    printfa.o(i.__0vsprintf) refers (Special) to iusefp.o(.text) for __I$use$fp
    printfa.o(i.__0vsprintf) refers to printfa.o(i._printf_core) for _printf_core
    printfa.o(i.__0vsprintf) refers to printfa.o(i._sputc) for _sputc
    printfa.o(i._fp_digits) refers (Special) to iusefp.o(.text) for __I$use$fp
    printfa.o(i._fp_digits) refers to dmul.o(.text) for __aeabi_dmul
    printfa.o(i._fp_digits) refers to ddiv.o(.text) for __aeabi_ddiv
    printfa.o(i._fp_digits) refers to cdrcmple.o(.text) for __aeabi_cdrcmple
    printfa.o(i._fp_digits) refers to dadd.o(.text) for __aeabi_dadd
    printfa.o(i._fp_digits) refers to dfixul.o(.text) for __aeabi_d2ulz
    printfa.o(i._fp_digits) refers to uldiv.o(.text) for __aeabi_uldivmod
    printfa.o(i._printf_core) refers (Special) to iusefp.o(.text) for __I$use$fp
    printfa.o(i._printf_core) refers to printfa.o(i._printf_pre_padding) for _printf_pre_padding
    printfa.o(i._printf_core) refers to uldiv.o(.text) for __aeabi_uldivmod
    printfa.o(i._printf_core) refers to printfa.o(i._printf_post_padding) for _printf_post_padding
    printfa.o(i._printf_core) refers to printfa.o(i._fp_digits) for _fp_digits
    printfa.o(i._printf_core) refers to uidiv.o(.text) for __aeabi_uidivmod
    printfa.o(i._printf_post_padding) refers (Special) to iusefp.o(.text) for __I$use$fp
    printfa.o(i._printf_pre_padding) refers (Special) to iusefp.o(.text) for __I$use$fp
    printfa.o(i._snputc) refers (Special) to iusefp.o(.text) for __I$use$fp
    printfa.o(i._sputc) refers (Special) to iusefp.o(.text) for __I$use$fp
    entry2.o(.ARM.Collect$$$$00000001) refers to entry2.o(.ARM.Collect$$$$00002712) for __lit__00000000
    entry2.o(.ARM.Collect$$$$00002712) refers to startup_mm32spin2xx_p.o(STACK) for __initial_sp
    entry2.o(__vectab_stack_and_reset_area) refers to startup_mm32spin2xx_p.o(STACK) for __initial_sp
    entry2.o(__vectab_stack_and_reset_area) refers to entry.o(.ARM.Collect$$$$00000000) for __main
    entry5.o(.ARM.Collect$$$$00000004) refers to init.o(.text) for __scatterload
    entry9a.o(.ARM.Collect$$$$0000000B) refers to main.o(i.main) for main
    entry9b.o(.ARM.Collect$$$$0000000C) refers to main.o(i.main) for main
    uldiv.o(.text) refers to llushr.o(.text) for __aeabi_llsr
    uldiv.o(.text) refers to llshl.o(.text) for __aeabi_llsl
    dadd.o(.text) refers to llshl.o(.text) for __aeabi_llsl
    dadd.o(.text) refers to llsshr.o(.text) for __aeabi_lasr
    dadd.o(.text) refers to depilogue.o(.text) for _double_epilogue
    dmul.o(.text) refers to depilogue.o(.text) for _double_epilogue
    ddiv.o(.text) refers to depilogue.o(.text) for _double_round
    dfixul.o(.text) refers to llushr.o(.text) for __aeabi_llsr
    dfixul.o(.text) refers to llshl.o(.text) for __aeabi_llsl
    init.o(.text) refers to entry5.o(.ARM.Collect$$$$00000004) for __main_after_scatterload
    depilogue.o(.text) refers to depilogue.o(i.__ARM_clz) for __ARM_clz
    depilogue.o(.text) refers to llshl.o(.text) for __aeabi_llsl
    depilogue.o(.text) refers to llushr.o(.text) for __aeabi_llsr


==============================================================================

Removing Unused input sections from the image.

    Removing system_mm32spin2xx_p.o(.rev16_text), (4 bytes).
    Removing system_mm32spin2xx_p.o(.revsh_text), (4 bytes).
    Removing startup_mm32spin2xx_p.o(HEAP), (512 bytes).
    Removing hal_adc.o(.rev16_text), (4 bytes).
    Removing hal_adc.o(.revsh_text), (4 bytes).
    Removing hal_adc.o(i.ADC_AnalogWatchdogCmd), (24 bytes).
    Removing hal_adc.o(i.ADC_AnalogWatchdogSingleChannelConfig), (26 bytes).
    Removing hal_adc.o(i.ADC_AnalogWatchdogThresholdsConfig), (12 bytes).
    Removing hal_adc.o(i.ADC_ClearFlag), (8 bytes).
    Removing hal_adc.o(i.ADC_ClearITPendingBit), (4 bytes).
    Removing hal_adc.o(i.ADC_Cmd), (24 bytes).
    Removing hal_adc.o(i.ADC_DMACmd), (24 bytes).
    Removing hal_adc.o(i.ADC_DeInit), (60 bytes).
    Removing hal_adc.o(i.ADC_ExternalTrigConvCmd), (24 bytes).
    Removing hal_adc.o(i.ADC_ExternalTrigShiftTimeSet), (18 bytes).
    Removing hal_adc.o(i.ADC_GetConversionValue), (116 bytes).
    Removing hal_adc.o(i.ADC_GetFlagStatus), (20 bytes).
    Removing hal_adc.o(i.ADC_GetITStatus), (20 bytes).
    Removing hal_adc.o(i.ADC_GetSoftwareStartConvStatus), (24 bytes).
    Removing hal_adc.o(i.ADC_ITConfig), (20 bytes).
    Removing hal_adc.o(i.ADC_Init), (48 bytes).
    Removing hal_adc.o(i.ADC_RegularChannelConfig), (72 bytes).
    Removing hal_adc.o(i.ADC_Scan_Direction), (18 bytes).
    Removing hal_adc.o(i.ADC_SoftwareStartConvCmd), (28 bytes).
    Removing hal_adc.o(i.ADC_StructInit), (14 bytes).
    Removing hal_adc.o(i.ADC_TempSensorCmd), (64 bytes).
    Removing hal_adc.o(i.ADC_VrefintCmd), (64 bytes).
    Removing hal_comp.o(.rev16_text), (4 bytes).
    Removing hal_comp.o(.revsh_text), (4 bytes).
    Removing hal_comp.o(i.COMP_Cmd), (80 bytes).
    Removing hal_comp.o(i.COMP_DeInit), (16 bytes).
    Removing hal_comp.o(i.COMP_GetOutputLevel), (76 bytes).
    Removing hal_comp.o(i.COMP_Init), (156 bytes).
    Removing hal_comp.o(i.COMP_LockConfig), (64 bytes).
    Removing hal_comp.o(i.COMP_StructInit), (22 bytes).
    Removing hal_comp.o(i.SET_COMP_CRV), (36 bytes).
    Removing hal_crc.o(.rev16_text), (4 bytes).
    Removing hal_crc.o(.revsh_text), (4 bytes).
    Removing hal_crc.o(i.CRC_CalcBlockCRC), (40 bytes).
    Removing hal_crc.o(i.CRC_CalcCRC), (20 bytes).
    Removing hal_crc.o(i.CRC_GetCRC), (12 bytes).
    Removing hal_crc.o(i.CRC_GetIDRegister), (12 bytes).
    Removing hal_crc.o(i.CRC_ResetDR), (12 bytes).
    Removing hal_crc.o(i.CRC_SetIDRegister), (12 bytes).
    Removing hal_div.o(.rev16_text), (4 bytes).
    Removing hal_div.o(.revsh_text), (4 bytes).
    Removing hal_div.o(i.Divider_Calc), (16 bytes).
    Removing hal_div.o(i.HWDivider_Calc), (36 bytes).
    Removing hal_div.o(i.HWDivider_UnsignInit), (20 bytes).
    Removing hal_dma.o(.rev16_text), (4 bytes).
    Removing hal_dma.o(.revsh_text), (4 bytes).
    Removing hal_dma.o(i.DMA_ClearFlag), (12 bytes).
    Removing hal_dma.o(i.DMA_ClearITPendingBit), (12 bytes).
    Removing hal_dma.o(i.DMA_Cmd), (24 bytes).
    Removing hal_dma.o(i.DMA_DeInit), (156 bytes).
    Removing hal_dma.o(i.DMA_GetCurrDataCounter), (8 bytes).
    Removing hal_dma.o(i.DMA_GetFlagStatus), (32 bytes).
    Removing hal_dma.o(i.DMA_GetITStatus), (32 bytes).
    Removing hal_dma.o(i.DMA_ITConfig), (20 bytes).
    Removing hal_dma.o(i.DMA_Init), (64 bytes).
    Removing hal_dma.o(i.DMA_StructInit), (26 bytes).
    Removing hal_exti.o(.rev16_text), (4 bytes).
    Removing hal_exti.o(.revsh_text), (4 bytes).
    Removing hal_exti.o(i.EXTI_ClearFlag), (12 bytes).
    Removing hal_exti.o(i.EXTI_ClearITPendingBit), (12 bytes).
    Removing hal_exti.o(i.EXTI_DeInit), (28 bytes).
    Removing hal_exti.o(i.EXTI_GenerateSWInterrupt), (16 bytes).
    Removing hal_exti.o(i.EXTI_GetFlagStatus), (28 bytes).
    Removing hal_exti.o(i.EXTI_GetITStatus), (40 bytes).
    Removing hal_exti.o(i.EXTI_Init), (140 bytes).
    Removing hal_exti.o(i.EXTI_StructInit), (16 bytes).
    Removing hal_flash.o(.rev16_text), (4 bytes).
    Removing hal_flash.o(.revsh_text), (4 bytes).
    Removing hal_flash.o(i.FLASH_ClearFlag), (12 bytes).
    Removing hal_flash.o(i.FLASH_EnableWriteProtection), (204 bytes).
    Removing hal_flash.o(i.FLASH_EraseAllPages), (80 bytes).
    Removing hal_flash.o(i.FLASH_EraseOptionBlock), (140 bytes).
    Removing hal_flash.o(i.FLASH_EraseOptionBytes), (172 bytes).
    Removing hal_flash.o(i.FLASH_ErasePage), (84 bytes).
    Removing hal_flash.o(i.FLASH_GetFlagStatus), (48 bytes).
    Removing hal_flash.o(i.FLASH_GetPrefetchBufferStatus), (28 bytes).
    Removing hal_flash.o(i.FLASH_GetReadOutProtectionStatus), (28 bytes).
    Removing hal_flash.o(i.FLASH_GetStatus), (60 bytes).
    Removing hal_flash.o(i.FLASH_GetUserOptionByte), (12 bytes).
    Removing hal_flash.o(i.FLASH_GetWriteProtectionOptionByte), (12 bytes).
    Removing hal_flash.o(i.FLASH_HalfCycleAccessCmd), (28 bytes).
    Removing hal_flash.o(i.FLASH_ITConfig), (32 bytes).
    Removing hal_flash.o(i.FLASH_Lock), (20 bytes).
    Removing hal_flash.o(i.FLASH_PrefetchBufferCmd), (28 bytes).
    Removing hal_flash.o(i.FLASH_ProgramHalfWord), (72 bytes).
    Removing hal_flash.o(i.FLASH_ProgramOptionByteData), (88 bytes).
    Removing hal_flash.o(i.FLASH_ProgramOptionHalfWord), (116 bytes).
    Removing hal_flash.o(i.FLASH_ProgramWord), (104 bytes).
    Removing hal_flash.o(i.FLASH_SetLatency), (28 bytes).
    Removing hal_flash.o(i.FLASH_Unlock), (24 bytes).
    Removing hal_flash.o(i.FLASH_UserOptionByteConfig), (108 bytes).
    Removing hal_flash.o(i.FLASH_WaitForLastOperation), (44 bytes).
    Removing hal_flash.o(i.delay), (26 bytes).
    Removing hal_gpio.o(.rev16_text), (4 bytes).
    Removing hal_gpio.o(.revsh_text), (4 bytes).
    Removing hal_gpio.o(i.GPIO_DeInit), (120 bytes).
    Removing hal_gpio.o(i.GPIO_PinLockConfig), (22 bytes).
    Removing hal_gpio.o(i.GPIO_ReadInputData), (8 bytes).
    Removing hal_gpio.o(i.GPIO_ReadInputDataBit), (20 bytes).
    Removing hal_gpio.o(i.GPIO_ReadOutputData), (8 bytes).
    Removing hal_gpio.o(i.GPIO_ReadOutputDataBit), (20 bytes).
    Removing hal_gpio.o(i.GPIO_StructInit), (16 bytes).
    Removing hal_gpio.o(i.GPIO_Write), (4 bytes).
    Removing hal_gpio.o(i.GPIO_WriteBit), (12 bytes).
    Removing hal_i2c.o(.rev16_text), (4 bytes).
    Removing hal_i2c.o(.revsh_text), (4 bytes).
    Removing hal_i2c.o(i.I2C_CheckEvent), (56 bytes).
    Removing hal_i2c.o(i.I2C_ClearFlag), (146 bytes).
    Removing hal_i2c.o(i.I2C_ClearITPendingBit), (146 bytes).
    Removing hal_i2c.o(i.I2C_Cmd), (36 bytes).
    Removing hal_i2c.o(i.I2C_DMACmd), (72 bytes).
    Removing hal_i2c.o(i.I2C_DeInit), (36 bytes).
    Removing hal_i2c.o(i.I2C_DualAddressCmd), (32 bytes).
    Removing hal_i2c.o(i.I2C_GeneralCallCmd), (32 bytes).
    Removing hal_i2c.o(i.I2C_GenerateSTART), (28 bytes).
    Removing hal_i2c.o(i.I2C_GenerateSTOP), (64 bytes).
    Removing hal_i2c.o(i.I2C_GetFlagStatus), (80 bytes).
    Removing hal_i2c.o(i.I2C_GetITStatus), (20 bytes).
    Removing hal_i2c.o(i.I2C_GetLastEvent), (20 bytes).
    Removing hal_i2c.o(i.I2C_ITConfig), (28 bytes).
    Removing hal_i2c.o(i.I2C_Init), (204 bytes).
    Removing hal_i2c.o(i.I2C_OwnAddress2Config), (20 bytes).
    Removing hal_i2c.o(i.I2C_ReadCmd), (8 bytes).
    Removing hal_i2c.o(i.I2C_ReadLastDataOrStop), (12 bytes).
    Removing hal_i2c.o(i.I2C_ReadRegister), (6 bytes).
    Removing hal_i2c.o(i.I2C_ReceiveData), (20 bytes).
    Removing hal_i2c.o(i.I2C_Send7bitAddress), (6 bytes).
    Removing hal_i2c.o(i.I2C_SendData), (4 bytes).
    Removing hal_i2c.o(i.I2C_SendLastDataOrStop), (10 bytes).
    Removing hal_i2c.o(i.I2C_StructInit), (24 bytes).
    Removing hal_i2c.o(.data), (4 bytes).
    Removing hal_iwdg.o(.rev16_text), (4 bytes).
    Removing hal_iwdg.o(.revsh_text), (4 bytes).
    Removing hal_iwdg.o(i.IWDG_ClearIT), (20 bytes).
    Removing hal_iwdg.o(i.IWDG_Enable), (16 bytes).
    Removing hal_iwdg.o(i.IWDG_EnableIT), (20 bytes).
    Removing hal_iwdg.o(i.IWDG_GetFlagStatus), (28 bytes).
    Removing hal_iwdg.o(i.IWDG_ReloadCounter), (16 bytes).
    Removing hal_iwdg.o(i.IWDG_Reset), (20 bytes).
    Removing hal_iwdg.o(i.IWDG_SetPrescaler), (12 bytes).
    Removing hal_iwdg.o(i.IWDG_SetReload), (12 bytes).
    Removing hal_iwdg.o(i.IWDG_WriteAccessCmd), (12 bytes).
    Removing hal_misc.o(.rev16_text), (4 bytes).
    Removing hal_misc.o(.revsh_text), (4 bytes).
    Removing hal_misc.o(i.NVIC_SetVectorTable), (2 bytes).
    Removing hal_misc.o(i.NVIC_SystemLPConfig), (32 bytes).
    Removing hal_misc.o(i.SysTick_CLKSourceConfig), (36 bytes).
    Removing hal_op.o(.rev16_text), (4 bytes).
    Removing hal_op.o(.revsh_text), (4 bytes).
    Removing hal_op.o(i.OPAMP_Configure), (32 bytes).
    Removing hal_pwr.o(.rev16_text), (4 bytes).
    Removing hal_pwr.o(.revsh_text), (4 bytes).
    Removing hal_pwr.o(i.PWR_BackupAccessCmd), (40 bytes).
    Removing hal_pwr.o(i.PWR_ClearFlag), (20 bytes).
    Removing hal_pwr.o(i.PWR_DeInit), (22 bytes).
    Removing hal_pwr.o(i.PWR_EnterSLEEPMode), (44 bytes).
    Removing hal_pwr.o(i.PWR_EnterSTANDBYMode), (52 bytes).
    Removing hal_pwr.o(i.PWR_EnterSTOPMode), (56 bytes).
    Removing hal_pwr.o(i.PWR_GetFlagStatus), (28 bytes).
    Removing hal_pwr.o(i.PWR_PVDCmd), (36 bytes).
    Removing hal_pwr.o(i.PWR_PVDLevelConfig), (36 bytes).
    Removing hal_pwr.o(i.PWR_WakeUpPinCmd), (40 bytes).
    Removing hal_rcc.o(.rev16_text), (4 bytes).
    Removing hal_rcc.o(.revsh_text), (4 bytes).
    Removing hal_rcc.o(i.RCC_AdjustHSICalibrationValue), (32 bytes).
    Removing hal_rcc.o(i.RCC_ClearFlag), (20 bytes).
    Removing hal_rcc.o(i.RCC_ClearITPendingBit), (20 bytes).
    Removing hal_rcc.o(i.RCC_ClockSecuritySystemCmd), (40 bytes).
    Removing hal_rcc.o(i.RCC_DeInit), (84 bytes).
    Removing hal_rcc.o(i.RCC_GetFlagStatus), (56 bytes).
    Removing hal_rcc.o(i.RCC_GetITStatus), (28 bytes).
    Removing hal_rcc.o(i.RCC_GetSYSCLKSource), (16 bytes).
    Removing hal_rcc.o(i.RCC_HCLKConfig), (32 bytes).
    Removing hal_rcc.o(i.RCC_HSEConfig), (80 bytes).
    Removing hal_rcc.o(i.RCC_HSICmd), (36 bytes).
    Removing hal_rcc.o(i.RCC_ITConfig), (36 bytes).
    Removing hal_rcc.o(i.RCC_LSICmd), (36 bytes).
    Removing hal_rcc.o(i.RCC_MCOConfig), (32 bytes).
    Removing hal_rcc.o(i.RCC_PCLK1Config), (36 bytes).
    Removing hal_rcc.o(i.RCC_PCLK2Config), (32 bytes).
    Removing hal_rcc.o(i.RCC_PLLCmd), (40 bytes).
    Removing hal_rcc.o(i.RCC_PLLConfig), (232 bytes).
    Removing hal_rcc.o(i.RCC_PLLDMDNConfig), (36 bytes).
    Removing hal_rcc.o(i.RCC_SYSCLKConfig), (28 bytes).
    Removing hal_rcc.o(i.RCC_WaitForHSEStartUp), (60 bytes).
    Removing hal_spi.o(.rev16_text), (4 bytes).
    Removing hal_spi.o(.revsh_text), (4 bytes).
    Removing hal_spi.o(i.SPI_BiDirectionalLineConfig), (60 bytes).
    Removing hal_spi.o(i.SPI_CSInternalSelected), (24 bytes).
    Removing hal_spi.o(i.SPI_ClearITPendingBit), (8 bytes).
    Removing hal_spi.o(i.SPI_Cmd), (28 bytes).
    Removing hal_spi.o(i.SPI_DMACmd), (20 bytes).
    Removing hal_spi.o(i.SPI_DataSizeConfig), (20 bytes).
    Removing hal_spi.o(i.SPI_DeInit), (60 bytes).
    Removing hal_spi.o(i.SPI_FifoTrigger), (20 bytes).
    Removing hal_spi.o(i.SPI_GetFlagStatus), (104 bytes).
    Removing hal_spi.o(i.SPI_GetITStatus), (20 bytes).
    Removing hal_spi.o(i.SPI_ITConfig), (44 bytes).
    Removing hal_spi.o(i.SPI_Init), (92 bytes).
    Removing hal_spi.o(i.SPI_NSSInternalSoftwareConfig), (32 bytes).
    Removing hal_spi.o(i.SPI_ReceiveData), (50 bytes).
    Removing hal_spi.o(i.SPI_RxBytes), (4 bytes).
    Removing hal_spi.o(i.SPI_SendData), (40 bytes).
    Removing hal_spi.o(i.SPI_SlaveAdjust), (8 bytes).
    Removing hal_spi.o(i.SPI_StructInit), (32 bytes).
    Removing hal_syscfg.o(.rev16_text), (4 bytes).
    Removing hal_syscfg.o(.revsh_text), (4 bytes).
    Removing hal_syscfg.o(i.SYSCFG_DMAChannelRemapConfig), (32 bytes).
    Removing hal_syscfg.o(i.SYSCFG_DeInit), (32 bytes).
    Removing hal_syscfg.o(i.SYSCFG_EXTILineConfig), (64 bytes).
    Removing hal_syscfg.o(i.SYSCFG_MemoryRemapConfig), (28 bytes).
    Removing hal_tim.o(.rev16_text), (4 bytes).
    Removing hal_tim.o(.revsh_text), (4 bytes).
    Removing hal_tim.o(i.TIM_BDTRConfig), (30 bytes).
    Removing hal_tim.o(i.TIM_BDTRStructInit), (18 bytes).
    Removing hal_tim.o(i.TIM_CCPreloadControl), (28 bytes).
    Removing hal_tim.o(i.TIM_CCxCmd), (34 bytes).
    Removing hal_tim.o(i.TIM_CCxNCmd), (34 bytes).
    Removing hal_tim.o(i.TIM_ClearFlag), (8 bytes).
    Removing hal_tim.o(i.TIM_ClearITPendingBit), (6 bytes).
    Removing hal_tim.o(i.TIM_ClearOC1Ref), (28 bytes).
    Removing hal_tim.o(i.TIM_ClearOC2Ref), (22 bytes).
    Removing hal_tim.o(i.TIM_ClearOC3Ref), (28 bytes).
    Removing hal_tim.o(i.TIM_ClearOC4Ref), (22 bytes).
    Removing hal_tim.o(i.TIM_ClearOC5Ref), (28 bytes).
    Removing hal_tim.o(i.TIM_CounterModeConfig), (28 bytes).
    Removing hal_tim.o(i.TIM_DMACmd), (26 bytes).
    Removing hal_tim.o(i.TIM_DMAConfig), (8 bytes).
    Removing hal_tim.o(i.TIM_ETRClockMode1Config), (52 bytes).
    Removing hal_tim.o(i.TIM_ETRClockMode2Config), (34 bytes).
    Removing hal_tim.o(i.TIM_ETRConfig), (26 bytes).
    Removing hal_tim.o(i.TIM_ForcedOC1Config), (28 bytes).
    Removing hal_tim.o(i.TIM_ForcedOC2Config), (28 bytes).
    Removing hal_tim.o(i.TIM_ForcedOC3Config), (28 bytes).
    Removing hal_tim.o(i.TIM_ForcedOC4Config), (28 bytes).
    Removing hal_tim.o(i.TIM_GenerateEvent), (4 bytes).
    Removing hal_tim.o(i.TIM_GetCapture1), (6 bytes).
    Removing hal_tim.o(i.TIM_GetCapture2), (6 bytes).
    Removing hal_tim.o(i.TIM_GetCapture3), (6 bytes).
    Removing hal_tim.o(i.TIM_GetCapture4), (6 bytes).
    Removing hal_tim.o(i.TIM_GetCapture5), (6 bytes).
    Removing hal_tim.o(i.TIM_GetCounter), (6 bytes).
    Removing hal_tim.o(i.TIM_GetFlagStatus), (20 bytes).
    Removing hal_tim.o(i.TIM_GetITStatus), (38 bytes).
    Removing hal_tim.o(i.TIM_GetPrescaler), (8 bytes).
    Removing hal_tim.o(i.TIM_ITConfig), (20 bytes).
    Removing hal_tim.o(i.TIM_ITRxExternalClockConfig), (24 bytes).
    Removing hal_tim.o(i.TIM_IdleDirectOutputs), (28 bytes).
    Removing hal_tim.o(i.TIM_InternalClockConfig), (16 bytes).
    Removing hal_tim.o(i.TIM_OC1FastConfig), (28 bytes).
    Removing hal_tim.o(i.TIM_OC1NPolarityConfig), (28 bytes).
    Removing hal_tim.o(i.TIM_OC1PolarityConfig), (28 bytes).
    Removing hal_tim.o(i.TIM_OC2FastConfig), (28 bytes).
    Removing hal_tim.o(i.TIM_OC2Init), (184 bytes).
    Removing hal_tim.o(i.TIM_OC2NPolarityConfig), (28 bytes).
    Removing hal_tim.o(i.TIM_OC2PolarityConfig), (28 bytes).
    Removing hal_tim.o(i.TIM_OC2PreloadConfig), (28 bytes).
    Removing hal_tim.o(i.TIM_OC3FastConfig), (28 bytes).
    Removing hal_tim.o(i.TIM_OC3NPolarityConfig), (28 bytes).
    Removing hal_tim.o(i.TIM_OC3PolarityConfig), (28 bytes).
    Removing hal_tim.o(i.TIM_OC4FastConfig), (28 bytes).
    Removing hal_tim.o(i.TIM_OC4Init), (128 bytes).
    Removing hal_tim.o(i.TIM_OC4PolarityConfig), (28 bytes).
    Removing hal_tim.o(i.TIM_OC4PreloadConfig), (28 bytes).
    Removing hal_tim.o(i.TIM_OC5FastConfig), (28 bytes).
    Removing hal_tim.o(i.TIM_OC5Init), (108 bytes).
    Removing hal_tim.o(i.TIM_OC5PolarityConfig), (18 bytes).
    Removing hal_tim.o(i.TIM_OC5PreloadConfig), (28 bytes).
    Removing hal_tim.o(i.TIM_OCStructInit), (20 bytes).
    Removing hal_tim.o(i.TIM_PWMIConfig), (124 bytes).
    Removing hal_tim.o(i.TIM_PrescalerConfig), (6 bytes).
    Removing hal_tim.o(i.TIM_SelectCCDMA), (28 bytes).
    Removing hal_tim.o(i.TIM_SelectCOM), (28 bytes).
    Removing hal_tim.o(i.TIM_SelectHallSensor), (28 bytes).
    Removing hal_tim.o(i.TIM_SelectInputTrigger), (28 bytes).
    Removing hal_tim.o(i.TIM_SelectMasterSlaveMode), (20 bytes).
    Removing hal_tim.o(i.TIM_SelectOCxM), (86 bytes).
    Removing hal_tim.o(i.TIM_SelectOnePulseMode), (20 bytes).
    Removing hal_tim.o(i.TIM_SelectOutputTrigger), (20 bytes).
    Removing hal_tim.o(i.TIM_SelectSlaveMode), (20 bytes).
    Removing hal_tim.o(i.TIM_SetAutoreload), (4 bytes).
    Removing hal_tim.o(i.TIM_SetClockDivision), (20 bytes).
    Removing hal_tim.o(i.TIM_SetCompare2), (4 bytes).
    Removing hal_tim.o(i.TIM_SetCompare4), (4 bytes).
    Removing hal_tim.o(i.TIM_SetCompare5), (4 bytes).
    Removing hal_tim.o(i.TIM_TIxExternalClockConfig), (58 bytes).
    Removing hal_tim.o(i.TIM_UpdateDisableConfig), (28 bytes).
    Removing hal_tim.o(i.TIM_UpdateRequestConfig), (28 bytes).
    Removing hal_uart.o(.rev16_text), (4 bytes).
    Removing hal_uart.o(.revsh_text), (4 bytes).
    Removing hal_uart.o(i.UART_ClearFlag), (12 bytes).
    Removing hal_uart.o(i.UART_ClearITPendingBit), (4 bytes).
    Removing hal_uart.o(i.UART_DMACmd), (20 bytes).
    Removing hal_uart.o(i.UART_DeInit), (64 bytes).
    Removing hal_uart.o(i.UART_Enable9bit), (32 bytes).
    Removing hal_uart.o(i.UART_GetITStatus), (20 bytes).
    Removing hal_uart.o(i.UART_HalfDuplexCmd), (32 bytes).
    Removing hal_uart.o(i.UART_ReceiveData), (8 bytes).
    Removing hal_uart.o(i.UART_ReceiverWakeUpCmd), (32 bytes).
    Removing hal_uart.o(i.UART_SendBreak), (10 bytes).
    Removing hal_uart.o(i.UART_Set9bitAutomaticToggle), (32 bytes).
    Removing hal_uart.o(i.UART_Set9bitLevel), (32 bytes).
    Removing hal_uart.o(i.UART_Set9bitPolarity), (32 bytes).
    Removing hal_uart.o(i.UART_SetGuardTime), (24 bytes).
    Removing hal_uart.o(i.UART_SetRXAddress), (18 bytes).
    Removing hal_uart.o(i.UART_SetRXMASK), (18 bytes).
    Removing hal_uart.o(i.UART_SmartCardCmd), (28 bytes).
    Removing hal_uart.o(i.UART_SmartCardNACKCmd), (28 bytes).
    Removing hal_uart.o(i.UART_StructInit), (26 bytes).
    Removing hal_uart.o(i.UART_WakeUpConfig), (20 bytes).
    Removing hal_wwdg.o(.rev16_text), (4 bytes).
    Removing hal_wwdg.o(.revsh_text), (4 bytes).
    Removing hal_wwdg.o(i.WWDG_ClearFlag), (12 bytes).
    Removing hal_wwdg.o(i.WWDG_DeInit), (22 bytes).
    Removing hal_wwdg.o(i.WWDG_Enable), (16 bytes).
    Removing hal_wwdg.o(i.WWDG_EnableIT), (20 bytes).
    Removing hal_wwdg.o(i.WWDG_GetFlagStatus), (12 bytes).
    Removing hal_wwdg.o(i.WWDG_SetCounter), (16 bytes).
    Removing hal_wwdg.o(i.WWDG_SetPrescaler), (32 bytes).
    Removing hal_wwdg.o(i.WWDG_SetWindowValue), (28 bytes).
    Removing main.o(.rev16_text), (4 bytes).
    Removing main.o(.revsh_text), (4 bytes).
    Removing main.o(i.eat_msg), (2 bytes).
    Removing mm32spin2x_p_it.o(.rev16_text), (4 bytes).
    Removing mm32spin2x_p_it.o(.revsh_text), (4 bytes).
    Removing delay.o(.rev16_text), (4 bytes).
    Removing delay.o(.revsh_text), (4 bytes).
    Removing motor.o(.rev16_text), (4 bytes).
    Removing motor.o(.revsh_text), (4 bytes).
    Removing encode.o(.rev16_text), (4 bytes).
    Removing encode.o(.revsh_text), (4 bytes).
    Removing encode.o(.data), (4 bytes).
    Removing usart.o(.rev16_text), (4 bytes).
    Removing usart.o(.revsh_text), (4 bytes).
    Removing usart.o(i.UartSendAscii), (22 bytes).
    Removing usart.o(i.UartSendGroup), (28 bytes).
    Removing usart.o(i.fgetc), (32 bytes).
    Removing dadd.o(.text), (356 bytes).
    Removing dmul.o(.text), (208 bytes).
    Removing ddiv.o(.text), (240 bytes).
    Removing dfixul.o(.text), (64 bytes).
    Removing cdrcmple.o(.text), (40 bytes).
    Removing depilogue.o(.text), (190 bytes).
    Removing depilogue.o(i.__ARM_clz), (46 bytes).

349 unused section(s) (total 12252 bytes) removed from the image.

==============================================================================

Image Symbol Table

    Local Symbols

    Symbol Name                              Value     Ov Type        Size  Object(Section)

    ../clib/microlib/division.c              0x00000000   Number         0  uidiv.o ABSOLUTE
    ../clib/microlib/division.c              0x00000000   Number         0  uldiv.o ABSOLUTE
    ../clib/microlib/init/entry.s            0x00000000   Number         0  entry.o ABSOLUTE
    ../clib/microlib/init/entry.s            0x00000000   Number         0  entry7b.o ABSOLUTE
    ../clib/microlib/init/entry.s            0x00000000   Number         0  entry10b.o ABSOLUTE
    ../clib/microlib/init/entry.s            0x00000000   Number         0  entry9a.o ABSOLUTE
    ../clib/microlib/init/entry.s            0x00000000   Number         0  entry9b.o ABSOLUTE
    ../clib/microlib/init/entry.s            0x00000000   Number         0  entry2.o ABSOLUTE
    ../clib/microlib/init/entry.s            0x00000000   Number         0  entry8a.o ABSOLUTE
    ../clib/microlib/init/entry.s            0x00000000   Number         0  entry5.o ABSOLUTE
    ../clib/microlib/init/entry.s            0x00000000   Number         0  entry8b.o ABSOLUTE
    ../clib/microlib/init/entry.s            0x00000000   Number         0  entry11a.o ABSOLUTE
    ../clib/microlib/init/entry.s            0x00000000   Number         0  entry7a.o ABSOLUTE
    ../clib/microlib/init/entry.s            0x00000000   Number         0  entry11b.o ABSOLUTE
    ../clib/microlib/init/entry.s            0x00000000   Number         0  entry10a.o ABSOLUTE
    ../clib/microlib/longlong.c              0x00000000   Number         0  llshl.o ABSOLUTE
    ../clib/microlib/longlong.c              0x00000000   Number         0  llsshr.o ABSOLUTE
    ../clib/microlib/longlong.c              0x00000000   Number         0  llushr.o ABSOLUTE
    ../clib/microlib/printf/printf.c         0x00000000   Number         0  printf7.o ABSOLUTE
    ../clib/microlib/printf/printf.c         0x00000000   Number         0  printf8.o ABSOLUTE
    ../clib/microlib/printf/printf.c         0x00000000   Number         0  printfa.o ABSOLUTE
    ../clib/microlib/printf/printf.c         0x00000000   Number         0  printf1.o ABSOLUTE
    ../clib/microlib/printf/printf.c         0x00000000   Number         0  printf2.o ABSOLUTE
    ../clib/microlib/printf/printf.c         0x00000000   Number         0  printf3.o ABSOLUTE
    ../clib/microlib/printf/printf.c         0x00000000   Number         0  printf0.o ABSOLUTE
    ../clib/microlib/printf/printf.c         0x00000000   Number         0  printfb.o ABSOLUTE
    ../clib/microlib/printf/printf.c         0x00000000   Number         0  printf4.o ABSOLUTE
    ../clib/microlib/printf/printf.c         0x00000000   Number         0  printf5.o ABSOLUTE
    ../clib/microlib/printf/printf.c         0x00000000   Number         0  printf6.o ABSOLUTE
    ../clib/microlib/printf/stubs.s          0x00000000   Number         0  stubs.o ABSOLUTE
    ../clib/microlib/stdio/streams.c         0x00000000   Number         0  stdout.o ABSOLUTE
    ../clib/microlib/stubs.s                 0x00000000   Number         0  iusefp.o ABSOLUTE
    ../fplib/microlib/fpadd.c                0x00000000   Number         0  dadd.o ABSOLUTE
    ../fplib/microlib/fpdiv.c                0x00000000   Number         0  ddiv.o ABSOLUTE
    ../fplib/microlib/fpepilogue.c           0x00000000   Number         0  depilogue.o ABSOLUTE
    ../fplib/microlib/fpfix.c                0x00000000   Number         0  dfixul.o ABSOLUTE
    ../fplib/microlib/fpmul.c                0x00000000   Number         0  dmul.o ABSOLUTE
    ..\Device\MM32SPIN2xx_p_LIB\HAL_lib\src\HAL_adc.c 0x00000000   Number         0  hal_adc.o ABSOLUTE
    ..\Device\MM32SPIN2xx_p_LIB\HAL_lib\src\HAL_comp.c 0x00000000   Number         0  hal_comp.o ABSOLUTE
    ..\Device\MM32SPIN2xx_p_LIB\HAL_lib\src\HAL_crc.c 0x00000000   Number         0  hal_crc.o ABSOLUTE
    ..\Device\MM32SPIN2xx_p_LIB\HAL_lib\src\HAL_div.c 0x00000000   Number         0  hal_div.o ABSOLUTE
    ..\Device\MM32SPIN2xx_p_LIB\HAL_lib\src\HAL_dma.c 0x00000000   Number         0  hal_dma.o ABSOLUTE
    ..\Device\MM32SPIN2xx_p_LIB\HAL_lib\src\HAL_exti.c 0x00000000   Number         0  hal_exti.o ABSOLUTE
    ..\Device\MM32SPIN2xx_p_LIB\HAL_lib\src\HAL_flash.c 0x00000000   Number         0  hal_flash.o ABSOLUTE
    ..\Device\MM32SPIN2xx_p_LIB\HAL_lib\src\HAL_gpio.c 0x00000000   Number         0  hal_gpio.o ABSOLUTE
    ..\Device\MM32SPIN2xx_p_LIB\HAL_lib\src\HAL_i2c.c 0x00000000   Number         0  hal_i2c.o ABSOLUTE
    ..\Device\MM32SPIN2xx_p_LIB\HAL_lib\src\HAL_iwdg.c 0x00000000   Number         0  hal_iwdg.o ABSOLUTE
    ..\Device\MM32SPIN2xx_p_LIB\HAL_lib\src\HAL_misc.c 0x00000000   Number         0  hal_misc.o ABSOLUTE
    ..\Device\MM32SPIN2xx_p_LIB\HAL_lib\src\HAL_op.c 0x00000000   Number         0  hal_op.o ABSOLUTE
    ..\Device\MM32SPIN2xx_p_LIB\HAL_lib\src\HAL_pwr.c 0x00000000   Number         0  hal_pwr.o ABSOLUTE
    ..\Device\MM32SPIN2xx_p_LIB\HAL_lib\src\HAL_rcc.c 0x00000000   Number         0  hal_rcc.o ABSOLUTE
    ..\Device\MM32SPIN2xx_p_LIB\HAL_lib\src\HAL_spi.c 0x00000000   Number         0  hal_spi.o ABSOLUTE
    ..\Device\MM32SPIN2xx_p_LIB\HAL_lib\src\HAL_syscfg.c 0x00000000   Number         0  hal_syscfg.o ABSOLUTE
    ..\Device\MM32SPIN2xx_p_LIB\HAL_lib\src\HAL_tim.c 0x00000000   Number         0  hal_tim.o ABSOLUTE
    ..\Device\MM32SPIN2xx_p_LIB\HAL_lib\src\HAL_uart.c 0x00000000   Number         0  hal_uart.o ABSOLUTE
    ..\Device\MM32SPIN2xx_p_LIB\HAL_lib\src\HAL_wwdg.c 0x00000000   Number         0  hal_wwdg.o ABSOLUTE
    ..\Device\MM32SPIN2xx_p_LIB\Source\KEIL_StartAsm\startup_MM32SPIN2xx_p.s 0x00000000   Number         0  startup_mm32spin2xx_p.o ABSOLUTE
    ..\Device\MM32SPIN2xx_p_LIB\Source\system_MM32SPIN2xx_p.c 0x00000000   Number         0  system_mm32spin2xx_p.o ABSOLUTE
    ..\USER\APP\delay.c                      0x00000000   Number         0  delay.o ABSOLUTE
    ..\USER\APP\encode.c                     0x00000000   Number         0  encode.o ABSOLUTE
    ..\USER\APP\motor.c                      0x00000000   Number         0  motor.o ABSOLUTE
    ..\USER\APP\usart.c                      0x00000000   Number         0  usart.o ABSOLUTE
    ..\USER\main.c                           0x00000000   Number         0  main.o ABSOLUTE
    ..\USER\mm32spin2x_p_it.c                0x00000000   Number         0  mm32spin2x_p_it.o ABSOLUTE
    ..\\Device\\MM32SPIN2xx_p_LIB\\HAL_lib\\src\\HAL_adc.c 0x00000000   Number         0  hal_adc.o ABSOLUTE
    ..\\Device\\MM32SPIN2xx_p_LIB\\HAL_lib\\src\\HAL_comp.c 0x00000000   Number         0  hal_comp.o ABSOLUTE
    ..\\Device\\MM32SPIN2xx_p_LIB\\HAL_lib\\src\\HAL_crc.c 0x00000000   Number         0  hal_crc.o ABSOLUTE
    ..\\Device\\MM32SPIN2xx_p_LIB\\HAL_lib\\src\\HAL_div.c 0x00000000   Number         0  hal_div.o ABSOLUTE
    ..\\Device\\MM32SPIN2xx_p_LIB\\HAL_lib\\src\\HAL_dma.c 0x00000000   Number         0  hal_dma.o ABSOLUTE
    ..\\Device\\MM32SPIN2xx_p_LIB\\HAL_lib\\src\\HAL_exti.c 0x00000000   Number         0  hal_exti.o ABSOLUTE
    ..\\Device\\MM32SPIN2xx_p_LIB\\HAL_lib\\src\\HAL_flash.c 0x00000000   Number         0  hal_flash.o ABSOLUTE
    ..\\Device\\MM32SPIN2xx_p_LIB\\HAL_lib\\src\\HAL_gpio.c 0x00000000   Number         0  hal_gpio.o ABSOLUTE
    ..\\Device\\MM32SPIN2xx_p_LIB\\HAL_lib\\src\\HAL_i2c.c 0x00000000   Number         0  hal_i2c.o ABSOLUTE
    ..\\Device\\MM32SPIN2xx_p_LIB\\HAL_lib\\src\\HAL_iwdg.c 0x00000000   Number         0  hal_iwdg.o ABSOLUTE
    ..\\Device\\MM32SPIN2xx_p_LIB\\HAL_lib\\src\\HAL_misc.c 0x00000000   Number         0  hal_misc.o ABSOLUTE
    ..\\Device\\MM32SPIN2xx_p_LIB\\HAL_lib\\src\\HAL_op.c 0x00000000   Number         0  hal_op.o ABSOLUTE
    ..\\Device\\MM32SPIN2xx_p_LIB\\HAL_lib\\src\\HAL_pwr.c 0x00000000   Number         0  hal_pwr.o ABSOLUTE
    ..\\Device\\MM32SPIN2xx_p_LIB\\HAL_lib\\src\\HAL_rcc.c 0x00000000   Number         0  hal_rcc.o ABSOLUTE
    ..\\Device\\MM32SPIN2xx_p_LIB\\HAL_lib\\src\\HAL_spi.c 0x00000000   Number         0  hal_spi.o ABSOLUTE
    ..\\Device\\MM32SPIN2xx_p_LIB\\HAL_lib\\src\\HAL_syscfg.c 0x00000000   Number         0  hal_syscfg.o ABSOLUTE
    ..\\Device\\MM32SPIN2xx_p_LIB\\HAL_lib\\src\\HAL_tim.c 0x00000000   Number         0  hal_tim.o ABSOLUTE
    ..\\Device\\MM32SPIN2xx_p_LIB\\HAL_lib\\src\\HAL_uart.c 0x00000000   Number         0  hal_uart.o ABSOLUTE
    ..\\Device\\MM32SPIN2xx_p_LIB\\HAL_lib\\src\\HAL_wwdg.c 0x00000000   Number         0  hal_wwdg.o ABSOLUTE
    ..\\Device\\MM32SPIN2xx_p_LIB\\Source\\system_MM32SPIN2xx_p.c 0x00000000   Number         0  system_mm32spin2xx_p.o ABSOLUTE
    ..\\USER\\APP\\delay.c                   0x00000000   Number         0  delay.o ABSOLUTE
    ..\\USER\\APP\\encode.c                  0x00000000   Number         0  encode.o ABSOLUTE
    ..\\USER\\APP\\motor.c                   0x00000000   Number         0  motor.o ABSOLUTE
    ..\\USER\\APP\\usart.c                   0x00000000   Number         0  usart.o ABSOLUTE
    ..\\USER\\main.c                         0x00000000   Number         0  main.o ABSOLUTE
    ..\\USER\\mm32spin2x_p_it.c              0x00000000   Number         0  mm32spin2x_p_it.o ABSOLUTE
    cdrcmple.s                               0x00000000   Number         0  cdrcmple.o ABSOLUTE
    dc.s                                     0x00000000   Number         0  dc.o ABSOLUTE
    handlers.s                               0x00000000   Number         0  handlers.o ABSOLUTE
    init.s                                   0x00000000   Number         0  init.o ABSOLUTE
    RESET                                    0x08000000   Section      180  startup_mm32spin2xx_p.o(RESET)
    .ARM.Collect$$$$00000000                 0x080000b4   Section        0  entry.o(.ARM.Collect$$$$00000000)
    .ARM.Collect$$$$00000001                 0x080000b4   Section        4  entry2.o(.ARM.Collect$$$$00000001)
    .ARM.Collect$$$$00000004                 0x080000b8   Section        4  entry5.o(.ARM.Collect$$$$00000004)
    .ARM.Collect$$$$00000008                 0x080000bc   Section        0  entry7b.o(.ARM.Collect$$$$00000008)
    .ARM.Collect$$$$0000000A                 0x080000bc   Section        0  entry8b.o(.ARM.Collect$$$$0000000A)
    .ARM.Collect$$$$0000000B                 0x080000bc   Section        8  entry9a.o(.ARM.Collect$$$$0000000B)
    .ARM.Collect$$$$0000000D                 0x080000c4   Section        0  entry10a.o(.ARM.Collect$$$$0000000D)
    .ARM.Collect$$$$0000000F                 0x080000c4   Section        0  entry11a.o(.ARM.Collect$$$$0000000F)
    .ARM.Collect$$$$00002712                 0x080000c4   Section        4  entry2.o(.ARM.Collect$$$$00002712)
    __lit__00000000                          0x080000c4   Data           4  entry2.o(.ARM.Collect$$$$00002712)
    .text                                    0x080000c8   Section      116  startup_mm32spin2xx_p.o(.text)
    .text                                    0x0800013c   Section        0  uidiv.o(.text)
    .text                                    0x08000168   Section       36  init.o(.text)
    i.AutoCalPllFactor                       0x0800018c   Section        0  system_mm32spin2xx_p.o(i.AutoCalPllFactor)
    i.GPIO_Init                              0x080001f6   Section        0  hal_gpio.o(i.GPIO_Init)
    i.GPIO_PinAFConfig                       0x080002d4   Section        0  hal_gpio.o(i.GPIO_PinAFConfig)
    i.GPIO_ResetBits                         0x0800031a   Section        0  hal_gpio.o(i.GPIO_ResetBits)
    i.GPIO_SetBits                           0x0800031e   Section        0  hal_gpio.o(i.GPIO_SetBits)
    i.InitSystick                            0x08000324   Section        0  delay.o(i.InitSystick)
    i.NVIC_Init                              0x08000378   Section        0  hal_misc.o(i.NVIC_Init)
    i.NVIC_SetPriority                       0x080003e8   Section        0  delay.o(i.NVIC_SetPriority)
    NVIC_SetPriority                         0x080003e9   Thumb Code   110  delay.o(i.NVIC_SetPriority)
    i.NVIC_Uart1_Init                        0x08000460   Section        0  usart.o(i.NVIC_Uart1_Init)
    i.RCC_AHBPeriphClockCmd                  0x08000478   Section        0  hal_rcc.o(i.RCC_AHBPeriphClockCmd)
    i.RCC_APB1PeriphClockCmd                 0x08000498   Section        0  hal_rcc.o(i.RCC_APB1PeriphClockCmd)
    i.RCC_APB1PeriphResetCmd                 0x080004b8   Section        0  hal_rcc.o(i.RCC_APB1PeriphResetCmd)
    i.RCC_APB2PeriphClockCmd                 0x080004d8   Section        0  hal_rcc.o(i.RCC_APB2PeriphClockCmd)
    i.RCC_APB2PeriphResetCmd                 0x080004f8   Section        0  hal_rcc.o(i.RCC_APB2PeriphResetCmd)
    i.RCC_GetClocksFreq                      0x08000518   Section        0  hal_rcc.o(i.RCC_GetClocksFreq)
    i.SetSysClock                            0x08000614   Section        0  system_mm32spin2xx_p.o(i.SetSysClock)
    SetSysClock                              0x08000615   Thumb Code     8  system_mm32spin2xx_p.o(i.SetSysClock)
    i.SetSysClockToXX                        0x0800061c   Section        0  system_mm32spin2xx_p.o(i.SetSysClockToXX)
    SetSysClockToXX                          0x0800061d   Thumb Code   368  system_mm32spin2xx_p.o(i.SetSysClockToXX)
    i.SysTick_Handler                        0x080007a8   Section        0  mm32spin2x_p_it.o(i.SysTick_Handler)
    i.SystemInit                             0x080007b0   Section        0  system_mm32spin2xx_p.o(i.SystemInit)
    i.TI1_Config                             0x08000814   Section        0  hal_tim.o(i.TI1_Config)
    TI1_Config                               0x08000815   Thumb Code    56  hal_tim.o(i.TI1_Config)
    i.TI2_Config                             0x08000850   Section        0  hal_tim.o(i.TI2_Config)
    TI2_Config                               0x08000851   Thumb Code    70  hal_tim.o(i.TI2_Config)
    i.TI3_Config                             0x080008a0   Section        0  hal_tim.o(i.TI3_Config)
    TI3_Config                               0x080008a1   Thumb Code    68  hal_tim.o(i.TI3_Config)
    i.TI4_Config                             0x080008ec   Section        0  hal_tim.o(i.TI4_Config)
    TI4_Config                               0x080008ed   Thumb Code    70  hal_tim.o(i.TI4_Config)
    i.TIM2_IRQHandler                        0x08000940   Section        0  mm32spin2x_p_it.o(i.TIM2_IRQHandler)
    i.TIM_ARRPreloadConfig                   0x08000944   Section        0  hal_tim.o(i.TIM_ARRPreloadConfig)
    i.TIM_Cmd                                0x08000960   Section        0  hal_tim.o(i.TIM_Cmd)
    i.TIM_CtrlPWMOutputs                     0x0800097c   Section        0  hal_tim.o(i.TIM_CtrlPWMOutputs)
    i.TIM_DeInit                             0x08000998   Section        0  hal_tim.o(i.TIM_DeInit)
    i.TIM_EncoderInterfaceConfig             0x08000a64   Section        0  hal_tim.o(i.TIM_EncoderInterfaceConfig)
    i.TIM_ICInit                             0x08000aac   Section        0  hal_tim.o(i.TIM_ICInit)
    i.TIM_ICStructInit                       0x08000b1c   Section        0  hal_tim.o(i.TIM_ICStructInit)
    i.TIM_OC1Init                            0x08000b30   Section        0  hal_tim.o(i.TIM_OC1Init)
    i.TIM_OC1PreloadConfig                   0x08000bc8   Section        0  hal_tim.o(i.TIM_OC1PreloadConfig)
    i.TIM_OC3Init                            0x08000be4   Section        0  hal_tim.o(i.TIM_OC3Init)
    i.TIM_OC3PreloadConfig                   0x08000c8c   Section        0  hal_tim.o(i.TIM_OC3PreloadConfig)
    i.TIM_SetCompare1                        0x08000ca8   Section        0  hal_tim.o(i.TIM_SetCompare1)
    i.TIM_SetCompare3                        0x08000cac   Section        0  hal_tim.o(i.TIM_SetCompare3)
    i.TIM_SetCounter                         0x08000cb0   Section        0  hal_tim.o(i.TIM_SetCounter)
    i.TIM_SetIC1Prescaler                    0x08000cb4   Section        0  hal_tim.o(i.TIM_SetIC1Prescaler)
    i.TIM_SetIC2Prescaler                    0x08000cc8   Section        0  hal_tim.o(i.TIM_SetIC2Prescaler)
    i.TIM_SetIC3Prescaler                    0x08000ce0   Section        0  hal_tim.o(i.TIM_SetIC3Prescaler)
    i.TIM_SetIC4Prescaler                    0x08000cf4   Section        0  hal_tim.o(i.TIM_SetIC4Prescaler)
    i.TIM_TimeBaseInit                       0x08000d0c   Section        0  hal_tim.o(i.TIM_TimeBaseInit)
    i.TIM_TimeBaseStructInit                 0x08000d88   Section        0  hal_tim.o(i.TIM_TimeBaseStructInit)
    i.TimingDelay_Decrement                  0x08000d9c   Section        0  delay.o(i.TimingDelay_Decrement)
    i.UART_Cmd                               0x08000db4   Section        0  hal_uart.o(i.UART_Cmd)
    i.UART_GetFlagStatus                     0x08000dd0   Section        0  hal_uart.o(i.UART_GetFlagStatus)
    i.UART_ITConfig                          0x08000de4   Section        0  hal_uart.o(i.UART_ITConfig)
    i.UART_Init                              0x08000df8   Section        0  hal_uart.o(i.UART_Init)
    i.UART_SendData                          0x08000e74   Section        0  hal_uart.o(i.UART_SendData)
    i.Uart1_Init                             0x08000e7c   Section        0  usart.o(i.Uart1_Init)
    i.UartSendByte                           0x08000f10   Section        0  usart.o(i.UartSendByte)
    i.__0printf$1                            0x08000f30   Section        0  printf1.o(i.__0printf$1)
    i.__scatterload_copy                     0x08000f50   Section       14  handlers.o(i.__scatterload_copy)
    i.__scatterload_null                     0x08000f5e   Section        2  handlers.o(i.__scatterload_null)
    i.__scatterload_zeroinit                 0x08000f60   Section       14  handlers.o(i.__scatterload_zeroinit)
    i._printf_core                           0x08000f70   Section        0  printf1.o(i._printf_core)
    _printf_core                             0x08000f71   Thumb Code   332  printf1.o(i._printf_core)
    i.all_motor                              0x080010c0   Section        0  motor.o(i.all_motor)
    i.delay_ms                               0x080010d8   Section        0  delay.o(i.delay_ms)
    i.fputc                                  0x080010ec   Section        0  usart.o(i.fputc)
    i.get_encode                             0x08001110   Section        0  encode.o(i.get_encode)
    i.initPWMTIM                             0x08001124   Section        0  motor.o(i.initPWMTIM)
    initPWMTIM                               0x08001125   Thumb Code   132  motor.o(i.initPWMTIM)
    i.init_encode                            0x080011ac   Section        0  encode.o(i.init_encode)
    i.init_gpio                              0x08001264   Section        0  motor.o(i.init_gpio)
    init_gpio                                0x08001265   Thumb Code   148  motor.o(i.init_gpio)
    i.init_motor                             0x080012fc   Section        0  motor.o(i.init_motor)
    i.left_motor                             0x08001320   Section        0  motor.o(i.left_motor)
    i.main                                   0x080013b4   Section        0  main.o(i.main)
    i.right_motor                            0x08001434   Section        0  motor.o(i.right_motor)
    .data                                    0x20000000   Section       20  system_mm32spin2xx_p.o(.data)
    .data                                    0x20000014   Section       16  hal_rcc.o(.data)
    APBAHBPrescTable                         0x20000014   Data          16  hal_rcc.o(.data)
    .data                                    0x20000024   Section        4  delay.o(.data)
    .data                                    0x20000028   Section        4  stdout.o(.data)
    STACK                                    0x20000030   Section     1024  startup_mm32spin2xx_p.o(STACK)

    Global Symbols

    Symbol Name                              Value     Ov Type        Size  Object(Section)

    BuildAttributes$$THM_ISAv3M$S$PE$A:L22$X:L11$S22$IEEE1$IW$USESV6$~STKCKD$USESV7$~SHL$OSPACE$ROPI$EBA8$MICROLIB$REQ8$PRES8$EABIv2 0x00000000   Number         0  anon$$obj.o ABSOLUTE
    __ARM_use_no_argv                        0x00000000   Number         0  main.o ABSOLUTE
    _printf_a                                0x00000000   Number         0  stubs.o ABSOLUTE
    _printf_c                                0x00000000   Number         0  stubs.o ABSOLUTE
    _printf_charcount                        0x00000000   Number         0  stubs.o ABSOLUTE
    _printf_d                                0x00000000   Number         0  stubs.o ABSOLUTE
    _printf_e                                0x00000000   Number         0  stubs.o ABSOLUTE
    _printf_f                                0x00000000   Number         0  stubs.o ABSOLUTE
    _printf_flags                            0x00000000   Number         0  stubs.o ABSOLUTE
    _printf_fp_dec                           0x00000000   Number         0  stubs.o ABSOLUTE
    _printf_fp_hex                           0x00000000   Number         0  stubs.o ABSOLUTE
    _printf_g                                0x00000000   Number         0  stubs.o ABSOLUTE
    _printf_i                                0x00000000   Number         0  stubs.o ABSOLUTE
    _printf_int_dec                          0x00000000   Number         0  stubs.o ABSOLUTE
    _printf_l                                0x00000000   Number         0  stubs.o ABSOLUTE
    _printf_lc                               0x00000000   Number         0  stubs.o ABSOLUTE
    _printf_ll                               0x00000000   Number         0  stubs.o ABSOLUTE
    _printf_lld                              0x00000000   Number         0  stubs.o ABSOLUTE
    _printf_lli                              0x00000000   Number         0  stubs.o ABSOLUTE
    _printf_llo                              0x00000000   Number         0  stubs.o ABSOLUTE
    _printf_llu                              0x00000000   Number         0  stubs.o ABSOLUTE
    _printf_llx                              0x00000000   Number         0  stubs.o ABSOLUTE
    _printf_longlong_dec                     0x00000000   Number         0  stubs.o ABSOLUTE
    _printf_longlong_hex                     0x00000000   Number         0  stubs.o ABSOLUTE
    _printf_longlong_oct                     0x00000000   Number         0  stubs.o ABSOLUTE
    _printf_ls                               0x00000000   Number         0  stubs.o ABSOLUTE
    _printf_mbtowc                           0x00000000   Number         0  stubs.o ABSOLUTE
    _printf_n                                0x00000000   Number         0  stubs.o ABSOLUTE
    _printf_o                                0x00000000   Number         0  stubs.o ABSOLUTE
    _printf_p                                0x00000000   Number         0  stubs.o ABSOLUTE
    _printf_percent                          0x00000000   Number         0  stubs.o ABSOLUTE
    _printf_pre_padding                      0x00000000   Number         0  stubs.o ABSOLUTE
    _printf_return_value                     0x00000000   Number         0  stubs.o ABSOLUTE
    _printf_s                                0x00000000   Number         0  stubs.o ABSOLUTE
    _printf_sizespec                         0x00000000   Number         0  stubs.o ABSOLUTE
    _printf_str                              0x00000000   Number         0  stubs.o ABSOLUTE
    _printf_truncate_signed                  0x00000000   Number         0  stubs.o ABSOLUTE
    _printf_truncate_unsigned                0x00000000   Number         0  stubs.o ABSOLUTE
    _printf_u                                0x00000000   Number         0  stubs.o ABSOLUTE
    _printf_wc                               0x00000000   Number         0  stubs.o ABSOLUTE
    _printf_wctomb                           0x00000000   Number         0  stubs.o ABSOLUTE
    _printf_widthprec                        0x00000000   Number         0  stubs.o ABSOLUTE
    _printf_x                                0x00000000   Number         0  stubs.o ABSOLUTE
    __cpp_initialize__aeabi_                  - Undefined Weak Reference
    __cxa_finalize                            - Undefined Weak Reference
    __decompress                              - Undefined Weak Reference
    _clock_init                               - Undefined Weak Reference
    _microlib_exit                            - Undefined Weak Reference
    __Vectors_Size                           0x000000b4   Number         0  startup_mm32spin2xx_p.o ABSOLUTE
    __Vectors                                0x08000000   Data           4  startup_mm32spin2xx_p.o(RESET)
    __Vectors_End                            0x080000b4   Data           0  startup_mm32spin2xx_p.o(RESET)
    __main                                   0x080000b5   Thumb Code     0  entry.o(.ARM.Collect$$$$00000000)
    _main_stk                                0x080000b5   Thumb Code     0  entry2.o(.ARM.Collect$$$$00000001)
    _main_scatterload                        0x080000b9   Thumb Code     0  entry5.o(.ARM.Collect$$$$00000004)
    __main_after_scatterload                 0x080000bd   Thumb Code     0  entry5.o(.ARM.Collect$$$$00000004)
    _main_clock                              0x080000bd   Thumb Code     0  entry7b.o(.ARM.Collect$$$$00000008)
    _main_cpp_init                           0x080000bd   Thumb Code     0  entry8b.o(.ARM.Collect$$$$0000000A)
    _main_init                               0x080000bd   Thumb Code     0  entry9a.o(.ARM.Collect$$$$0000000B)
    __rt_final_cpp                           0x080000c5   Thumb Code     0  entry10a.o(.ARM.Collect$$$$0000000D)
    __rt_final_exit                          0x080000c5   Thumb Code     0  entry11a.o(.ARM.Collect$$$$0000000F)
    Reset_Handler                            0x080000c9   Thumb Code    50  startup_mm32spin2xx_p.o(.text)
    NMI_Handler                              0x080000fb   Thumb Code     2  startup_mm32spin2xx_p.o(.text)
    HardFault_Handler                        0x080000fd   Thumb Code     2  startup_mm32spin2xx_p.o(.text)
    MemManage_Handler                        0x080000ff   Thumb Code     2  startup_mm32spin2xx_p.o(.text)
    BusFault_Handler                         0x08000101   Thumb Code     2  startup_mm32spin2xx_p.o(.text)
    UsageFault_Handler                       0x08000103   Thumb Code     2  startup_mm32spin2xx_p.o(.text)
    SVC_Handler                              0x08000105   Thumb Code     2  startup_mm32spin2xx_p.o(.text)
    DebugMon_Handler                         0x08000107   Thumb Code     2  startup_mm32spin2xx_p.o(.text)
    PendSV_Handler                           0x08000109   Thumb Code     2  startup_mm32spin2xx_p.o(.text)
    ADC1_IRQHandler                          0x0800010d   Thumb Code     0  startup_mm32spin2xx_p.o(.text)
    ADC2_IRQHandler                          0x0800010d   Thumb Code     0  startup_mm32spin2xx_p.o(.text)
    COMP1_2_3_4_5_IRQHandler                 0x0800010d   Thumb Code     0  startup_mm32spin2xx_p.o(.text)
    DMA1_Channel1_IRQHandler                 0x0800010d   Thumb Code     0  startup_mm32spin2xx_p.o(.text)
    DMA1_Channel2_3_IRQHandler               0x0800010d   Thumb Code     0  startup_mm32spin2xx_p.o(.text)
    DMA1_Channel4_5_IRQHandler               0x0800010d   Thumb Code     0  startup_mm32spin2xx_p.o(.text)
    EXTI0_1_IRQHandler                       0x0800010d   Thumb Code     0  startup_mm32spin2xx_p.o(.text)
    EXTI2_3_IRQHandler                       0x0800010d   Thumb Code     0  startup_mm32spin2xx_p.o(.text)
    EXTI4_15_IRQHandler                      0x0800010d   Thumb Code     0  startup_mm32spin2xx_p.o(.text)
    FLASH_IRQHandler                         0x0800010d   Thumb Code     0  startup_mm32spin2xx_p.o(.text)
    HWDIV_IRQHandler                         0x0800010d   Thumb Code     0  startup_mm32spin2xx_p.o(.text)
    I2C1_IRQHandler                          0x0800010d   Thumb Code     0  startup_mm32spin2xx_p.o(.text)
    PVD_IRQHandler                           0x0800010d   Thumb Code     0  startup_mm32spin2xx_p.o(.text)
    PWM_IRQHandler                           0x0800010d   Thumb Code     0  startup_mm32spin2xx_p.o(.text)
    RCC_IRQHandler                           0x0800010d   Thumb Code     0  startup_mm32spin2xx_p.o(.text)
    SPI1_IRQHandler                          0x0800010d   Thumb Code     0  startup_mm32spin2xx_p.o(.text)
    SPI2_IRQHandler                          0x0800010d   Thumb Code     0  startup_mm32spin2xx_p.o(.text)
    TIM14_IRQHandler                         0x0800010d   Thumb Code     0  startup_mm32spin2xx_p.o(.text)
    TIM16_IRQHandler                         0x0800010d   Thumb Code     0  startup_mm32spin2xx_p.o(.text)
    TIM17_IRQHandler                         0x0800010d   Thumb Code     0  startup_mm32spin2xx_p.o(.text)
    TIM1_BRK_UP_TRG_COM_IRQHandler           0x0800010d   Thumb Code     0  startup_mm32spin2xx_p.o(.text)
    TIM1_CC_IRQHandler                       0x0800010d   Thumb Code     0  startup_mm32spin2xx_p.o(.text)
    TIM3_IRQHandler                          0x0800010d   Thumb Code     0  startup_mm32spin2xx_p.o(.text)
    TIM8_BRK_UP_TRG_COM_IRQHandler           0x0800010d   Thumb Code     0  startup_mm32spin2xx_p.o(.text)
    TIM8_CC_IRQHandler                       0x0800010d   Thumb Code     0  startup_mm32spin2xx_p.o(.text)
    UART1_IRQHandler                         0x0800010d   Thumb Code     0  startup_mm32spin2xx_p.o(.text)
    UART2_IRQHandler                         0x0800010d   Thumb Code     0  startup_mm32spin2xx_p.o(.text)
    WWDG_IRQHandler                          0x0800010d   Thumb Code     0  startup_mm32spin2xx_p.o(.text)
    __aeabi_uidiv                            0x0800013d   Thumb Code     0  uidiv.o(.text)
    __aeabi_uidivmod                         0x0800013d   Thumb Code    44  uidiv.o(.text)
    __scatterload                            0x08000169   Thumb Code    28  init.o(.text)
    __scatterload_rt2                        0x08000169   Thumb Code     0  init.o(.text)
    AutoCalPllFactor                         0x0800018d   Thumb Code   106  system_mm32spin2xx_p.o(i.AutoCalPllFactor)
    GPIO_Init                                0x080001f7   Thumb Code   222  hal_gpio.o(i.GPIO_Init)
    GPIO_PinAFConfig                         0x080002d5   Thumb Code    70  hal_gpio.o(i.GPIO_PinAFConfig)
    GPIO_ResetBits                           0x0800031b   Thumb Code     4  hal_gpio.o(i.GPIO_ResetBits)
    GPIO_SetBits                             0x0800031f   Thumb Code     4  hal_gpio.o(i.GPIO_SetBits)
    InitSystick                              0x08000325   Thumb Code    72  delay.o(i.InitSystick)
    NVIC_Init                                0x08000379   Thumb Code   106  hal_misc.o(i.NVIC_Init)
    NVIC_Uart1_Init                          0x08000461   Thumb Code    22  usart.o(i.NVIC_Uart1_Init)
    RCC_AHBPeriphClockCmd                    0x08000479   Thumb Code    28  hal_rcc.o(i.RCC_AHBPeriphClockCmd)
    RCC_APB1PeriphClockCmd                   0x08000499   Thumb Code    28  hal_rcc.o(i.RCC_APB1PeriphClockCmd)
    RCC_APB1PeriphResetCmd                   0x080004b9   Thumb Code    28  hal_rcc.o(i.RCC_APB1PeriphResetCmd)
    RCC_APB2PeriphClockCmd                   0x080004d9   Thumb Code    28  hal_rcc.o(i.RCC_APB2PeriphClockCmd)
    RCC_APB2PeriphResetCmd                   0x080004f9   Thumb Code    28  hal_rcc.o(i.RCC_APB2PeriphResetCmd)
    RCC_GetClocksFreq                        0x08000519   Thumb Code   226  hal_rcc.o(i.RCC_GetClocksFreq)
    SysTick_Handler                          0x080007a9   Thumb Code     8  mm32spin2x_p_it.o(i.SysTick_Handler)
    SystemInit                               0x080007b1   Thumb Code    88  system_mm32spin2xx_p.o(i.SystemInit)
    TIM2_IRQHandler                          0x08000941   Thumb Code     2  mm32spin2x_p_it.o(i.TIM2_IRQHandler)
    TIM_ARRPreloadConfig                     0x08000945   Thumb Code    24  hal_tim.o(i.TIM_ARRPreloadConfig)
    TIM_Cmd                                  0x08000961   Thumb Code    24  hal_tim.o(i.TIM_Cmd)
    TIM_CtrlPWMOutputs                       0x0800097d   Thumb Code    26  hal_tim.o(i.TIM_CtrlPWMOutputs)
    TIM_DeInit                               0x08000999   Thumb Code   180  hal_tim.o(i.TIM_DeInit)
    TIM_EncoderInterfaceConfig               0x08000a65   Thumb Code    64  hal_tim.o(i.TIM_EncoderInterfaceConfig)
    TIM_ICInit                               0x08000aad   Thumb Code   112  hal_tim.o(i.TIM_ICInit)
    TIM_ICStructInit                         0x08000b1d   Thumb Code    18  hal_tim.o(i.TIM_ICStructInit)
    TIM_OC1Init                              0x08000b31   Thumb Code   128  hal_tim.o(i.TIM_OC1Init)
    TIM_OC1PreloadConfig                     0x08000bc9   Thumb Code    22  hal_tim.o(i.TIM_OC1PreloadConfig)
    TIM_OC3Init                              0x08000be5   Thumb Code   136  hal_tim.o(i.TIM_OC3Init)
    TIM_OC3PreloadConfig                     0x08000c8d   Thumb Code    22  hal_tim.o(i.TIM_OC3PreloadConfig)
    TIM_SetCompare1                          0x08000ca9   Thumb Code     4  hal_tim.o(i.TIM_SetCompare1)
    TIM_SetCompare3                          0x08000cad   Thumb Code     4  hal_tim.o(i.TIM_SetCompare3)
    TIM_SetCounter                           0x08000cb1   Thumb Code     4  hal_tim.o(i.TIM_SetCounter)
    TIM_SetIC1Prescaler                      0x08000cb5   Thumb Code    16  hal_tim.o(i.TIM_SetIC1Prescaler)
    TIM_SetIC2Prescaler                      0x08000cc9   Thumb Code    20  hal_tim.o(i.TIM_SetIC2Prescaler)
    TIM_SetIC3Prescaler                      0x08000ce1   Thumb Code    16  hal_tim.o(i.TIM_SetIC3Prescaler)
    TIM_SetIC4Prescaler                      0x08000cf5   Thumb Code    20  hal_tim.o(i.TIM_SetIC4Prescaler)
    TIM_TimeBaseInit                         0x08000d0d   Thumb Code    96  hal_tim.o(i.TIM_TimeBaseInit)
    TIM_TimeBaseStructInit                   0x08000d89   Thumb Code    16  hal_tim.o(i.TIM_TimeBaseStructInit)
    TimingDelay_Decrement                    0x08000d9d   Thumb Code    20  delay.o(i.TimingDelay_Decrement)
    UART_Cmd                                 0x08000db5   Thumb Code    24  hal_uart.o(i.UART_Cmd)
    UART_GetFlagStatus                       0x08000dd1   Thumb Code    20  hal_uart.o(i.UART_GetFlagStatus)
    UART_ITConfig                            0x08000de5   Thumb Code    20  hal_uart.o(i.UART_ITConfig)
    UART_Init                                0x08000df9   Thumb Code   118  hal_uart.o(i.UART_Init)
    UART_SendData                            0x08000e75   Thumb Code     6  hal_uart.o(i.UART_SendData)
    Uart1_Init                               0x08000e7d   Thumb Code   142  usart.o(i.Uart1_Init)
    UartSendByte                             0x08000f11   Thumb Code    28  usart.o(i.UartSendByte)
    __0printf$1                              0x08000f31   Thumb Code    24  printf1.o(i.__0printf$1)
    __1printf$1                              0x08000f31   Thumb Code     0  printf1.o(i.__0printf$1)
    __2printf                                0x08000f31   Thumb Code     0  printf1.o(i.__0printf$1)
    __scatterload_copy                       0x08000f51   Thumb Code    14  handlers.o(i.__scatterload_copy)
    __scatterload_null                       0x08000f5f   Thumb Code     2  handlers.o(i.__scatterload_null)
    __scatterload_zeroinit                   0x08000f61   Thumb Code    14  handlers.o(i.__scatterload_zeroinit)
    all_motor                                0x080010c1   Thumb Code    24  motor.o(i.all_motor)
    delay_ms                                 0x080010d9   Thumb Code    16  delay.o(i.delay_ms)
    fputc                                    0x080010ed   Thumb Code    30  usart.o(i.fputc)
    get_encode                               0x08001111   Thumb Code    18  encode.o(i.get_encode)
    init_encode                              0x080011ad   Thumb Code   178  encode.o(i.init_encode)
    init_motor                               0x080012fd   Thumb Code    26  motor.o(i.init_motor)
    left_motor                               0x08001321   Thumb Code   140  motor.o(i.left_motor)
    main                                     0x080013b5   Thumb Code   108  main.o(i.main)
    right_motor                              0x08001435   Thumb Code   140  motor.o(i.right_motor)
    Region$$Table$$Base                      0x080014c8   Number         0  anon$$obj.o(Region$$Table)
    Region$$Table$$Limit                     0x080014e8   Number         0  anon$$obj.o(Region$$Table)
    SystemCoreClock                          0x20000000   Data           4  system_mm32spin2xx_p.o(.data)
    AHBPrescTable                            0x20000004   Data          16  system_mm32spin2xx_p.o(.data)
    TimingDelay                              0x20000024   Data           4  delay.o(.data)
    __stdout                                 0x20000028   Data           4  stdout.o(.data)
    __initial_sp                             0x20000430   Data           0  startup_mm32spin2xx_p.o(STACK)



==============================================================================

Memory Map of the image

  Image Entry point : 0x080000b5

  Load Region LR_IROM1 (Base: 0x08000000, Size: 0x00001514, Max: 0x00020000, ABSOLUTE)

    Execution Region ER_IROM1 (Exec base: 0x08000000, Load base: 0x08000000, Size: 0x000014e8, Max: 0x00020000, ABSOLUTE)

    Exec Addr    Load Addr    Size         Type   Attr      Idx    E Section Name        Object

    0x08000000   0x08000000   0x000000b4   Data   RO          126    RESET               startup_mm32spin2xx_p.o
    0x080000b4   0x080000b4   0x00000000   Code   RO         2599  * .ARM.Collect$$$$00000000  mc_p.l(entry.o)
    0x080000b4   0x080000b4   0x00000004   Code   RO         2865    .ARM.Collect$$$$00000001  mc_p.l(entry2.o)
    0x080000b8   0x080000b8   0x00000004   Code   RO         2868    .ARM.Collect$$$$00000004  mc_p.l(entry5.o)
    0x080000bc   0x080000bc   0x00000000   Code   RO         2870    .ARM.Collect$$$$00000008  mc_p.l(entry7b.o)
    0x080000bc   0x080000bc   0x00000000   Code   RO         2872    .ARM.Collect$$$$0000000A  mc_p.l(entry8b.o)
    0x080000bc   0x080000bc   0x00000008   Code   RO         2873    .ARM.Collect$$$$0000000B  mc_p.l(entry9a.o)
    0x080000c4   0x080000c4   0x00000000   Code   RO         2875    .ARM.Collect$$$$0000000D  mc_p.l(entry10a.o)
    0x080000c4   0x080000c4   0x00000000   Code   RO         2877    .ARM.Collect$$$$0000000F  mc_p.l(entry11a.o)
    0x080000c4   0x080000c4   0x00000004   Code   RO         2866    .ARM.Collect$$$$00002712  mc_p.l(entry2.o)
    0x080000c8   0x080000c8   0x00000074   Code   RO          127    .text               startup_mm32spin2xx_p.o
    0x0800013c   0x0800013c   0x0000002c   Code   RO         2602    .text               mc_p.l(uidiv.o)
    0x08000168   0x08000168   0x00000024   Code   RO         2893    .text               mc_p.l(init.o)
    0x0800018c   0x0800018c   0x0000006a   Code   RO            3    i.AutoCalPllFactor  system_mm32spin2xx_p.o
    0x080001f6   0x080001f6   0x000000de   Code   RO          721    i.GPIO_Init         hal_gpio.o
    0x080002d4   0x080002d4   0x00000046   Code   RO          722    i.GPIO_PinAFConfig  hal_gpio.o
    0x0800031a   0x0800031a   0x00000004   Code   RO          728    i.GPIO_ResetBits    hal_gpio.o
    0x0800031e   0x0800031e   0x00000004   Code   RO          729    i.GPIO_SetBits      hal_gpio.o
    0x08000322   0x08000322   0x00000002   PAD
    0x08000324   0x08000324   0x00000054   Code   RO         2417    i.InitSystick       delay.o
    0x08000378   0x08000378   0x00000070   Code   RO         1041    i.NVIC_Init         hal_misc.o
    0x080003e8   0x080003e8   0x00000078   Code   RO         2418    i.NVIC_SetPriority  delay.o
    0x08000460   0x08000460   0x00000016   Code   RO         2541    i.NVIC_Uart1_Init   usart.o
    0x08000476   0x08000476   0x00000002   PAD
    0x08000478   0x08000478   0x00000020   Code   RO         1173    i.RCC_AHBPeriphClockCmd  hal_rcc.o
    0x08000498   0x08000498   0x00000020   Code   RO         1174    i.RCC_APB1PeriphClockCmd  hal_rcc.o
    0x080004b8   0x080004b8   0x00000020   Code   RO         1175    i.RCC_APB1PeriphResetCmd  hal_rcc.o
    0x080004d8   0x080004d8   0x00000020   Code   RO         1176    i.RCC_APB2PeriphClockCmd  hal_rcc.o
    0x080004f8   0x080004f8   0x00000020   Code   RO         1177    i.RCC_APB2PeriphResetCmd  hal_rcc.o
    0x08000518   0x08000518   0x000000fc   Code   RO         1183    i.RCC_GetClocksFreq  hal_rcc.o
    0x08000614   0x08000614   0x00000008   Code   RO            4    i.SetSysClock       system_mm32spin2xx_p.o
    0x0800061c   0x0800061c   0x0000018c   Code   RO            5    i.SetSysClockToXX   system_mm32spin2xx_p.o
    0x080007a8   0x080007a8   0x00000008   Code   RO         2386    i.SysTick_Handler   mm32spin2x_p_it.o
    0x080007b0   0x080007b0   0x00000064   Code   RO            6    i.SystemInit        system_mm32spin2xx_p.o
    0x08000814   0x08000814   0x0000003c   Code   RO         1511    i.TI1_Config        hal_tim.o
    0x08000850   0x08000850   0x00000050   Code   RO         1512    i.TI2_Config        hal_tim.o
    0x080008a0   0x080008a0   0x0000004c   Code   RO         1513    i.TI3_Config        hal_tim.o
    0x080008ec   0x080008ec   0x00000054   Code   RO         1514    i.TI4_Config        hal_tim.o
    0x08000940   0x08000940   0x00000002   Code   RO         2387    i.TIM2_IRQHandler   mm32spin2x_p_it.o
    0x08000942   0x08000942   0x00000002   PAD
    0x08000944   0x08000944   0x0000001c   Code   RO         1515    i.TIM_ARRPreloadConfig  hal_tim.o
    0x08000960   0x08000960   0x0000001c   Code   RO         1528    i.TIM_Cmd           hal_tim.o
    0x0800097c   0x0800097c   0x0000001a   Code   RO         1530    i.TIM_CtrlPWMOutputs  hal_tim.o
    0x08000996   0x08000996   0x00000002   PAD
    0x08000998   0x08000998   0x000000cc   Code   RO         1533    i.TIM_DeInit        hal_tim.o
    0x08000a64   0x08000a64   0x00000048   Code   RO         1537    i.TIM_EncoderInterfaceConfig  hal_tim.o
    0x08000aac   0x08000aac   0x00000070   Code   RO         1552    i.TIM_ICInit        hal_tim.o
    0x08000b1c   0x08000b1c   0x00000012   Code   RO         1553    i.TIM_ICStructInit  hal_tim.o
    0x08000b2e   0x08000b2e   0x00000002   PAD
    0x08000b30   0x08000b30   0x00000098   Code   RO         1559    i.TIM_OC1Init       hal_tim.o
    0x08000bc8   0x08000bc8   0x0000001c   Code   RO         1562    i.TIM_OC1PreloadConfig  hal_tim.o
    0x08000be4   0x08000be4   0x000000a8   Code   RO         1569    i.TIM_OC3Init       hal_tim.o
    0x08000c8c   0x08000c8c   0x0000001c   Code   RO         1572    i.TIM_OC3PreloadConfig  hal_tim.o
    0x08000ca8   0x08000ca8   0x00000004   Code   RO         1595    i.TIM_SetCompare1   hal_tim.o
    0x08000cac   0x08000cac   0x00000004   Code   RO         1597    i.TIM_SetCompare3   hal_tim.o
    0x08000cb0   0x08000cb0   0x00000004   Code   RO         1600    i.TIM_SetCounter    hal_tim.o
    0x08000cb4   0x08000cb4   0x00000014   Code   RO         1601    i.TIM_SetIC1Prescaler  hal_tim.o
    0x08000cc8   0x08000cc8   0x00000018   Code   RO         1602    i.TIM_SetIC2Prescaler  hal_tim.o
    0x08000ce0   0x08000ce0   0x00000014   Code   RO         1603    i.TIM_SetIC3Prescaler  hal_tim.o
    0x08000cf4   0x08000cf4   0x00000018   Code   RO         1604    i.TIM_SetIC4Prescaler  hal_tim.o
    0x08000d0c   0x08000d0c   0x0000007c   Code   RO         1606    i.TIM_TimeBaseInit  hal_tim.o
    0x08000d88   0x08000d88   0x00000014   Code   RO         1607    i.TIM_TimeBaseStructInit  hal_tim.o
    0x08000d9c   0x08000d9c   0x00000018   Code   RO         2419    i.TimingDelay_Decrement  delay.o
    0x08000db4   0x08000db4   0x0000001c   Code   RO         2117    i.UART_Cmd          hal_uart.o
    0x08000dd0   0x08000dd0   0x00000014   Code   RO         2121    i.UART_GetFlagStatus  hal_uart.o
    0x08000de4   0x08000de4   0x00000014   Code   RO         2124    i.UART_ITConfig     hal_uart.o
    0x08000df8   0x08000df8   0x0000007c   Code   RO         2125    i.UART_Init         hal_uart.o
    0x08000e74   0x08000e74   0x00000006   Code   RO         2129    i.UART_SendData     hal_uart.o
    0x08000e7a   0x08000e7a   0x00000002   PAD
    0x08000e7c   0x08000e7c   0x00000094   Code   RO         2542    i.Uart1_Init        usart.o
    0x08000f10   0x08000f10   0x00000020   Code   RO         2544    i.UartSendByte      usart.o
    0x08000f30   0x08000f30   0x00000020   Code   RO         2649    i.__0printf$1       mc_p.l(printf1.o)
    0x08000f50   0x08000f50   0x0000000e   Code   RO         2907    i.__scatterload_copy  mc_p.l(handlers.o)
    0x08000f5e   0x08000f5e   0x00000002   Code   RO         2908    i.__scatterload_null  mc_p.l(handlers.o)
    0x08000f60   0x08000f60   0x0000000e   Code   RO         2909    i.__scatterload_zeroinit  mc_p.l(handlers.o)
    0x08000f6e   0x08000f6e   0x00000002   PAD
    0x08000f70   0x08000f70   0x00000150   Code   RO         2656    i._printf_core      mc_p.l(printf1.o)
    0x080010c0   0x080010c0   0x00000018   Code   RO         2460    i.all_motor         motor.o
    0x080010d8   0x080010d8   0x00000014   Code   RO         2420    i.delay_ms          delay.o
    0x080010ec   0x080010ec   0x00000024   Code   RO         2547    i.fputc             usart.o
    0x08001110   0x08001110   0x00000012   Code   RO         2508    i.get_encode        encode.o
    0x08001122   0x08001122   0x00000002   PAD
    0x08001124   0x08001124   0x00000088   Code   RO         2461    i.initPWMTIM        motor.o
    0x080011ac   0x080011ac   0x000000b8   Code   RO         2509    i.init_encode       encode.o
    0x08001264   0x08001264   0x00000098   Code   RO         2462    i.init_gpio         motor.o
    0x080012fc   0x080012fc   0x00000024   Code   RO         2463    i.init_motor        motor.o
    0x08001320   0x08001320   0x00000094   Code   RO         2464    i.left_motor        motor.o
    0x080013b4   0x080013b4   0x00000080   Code   RO         2342    i.main              main.o
    0x08001434   0x08001434   0x00000094   Code   RO         2465    i.right_motor       motor.o
    0x080014c8   0x080014c8   0x00000020   Data   RO         2905    Region$$Table       anon$$obj.o


    Execution Region RW_IRAM1 (Exec base: 0x20000000, Load base: 0x080014e8, Size: 0x00000430, Max: 0x00003000, ABSOLUTE)

    Exec Addr    Load Addr    Size         Type   Attr      Idx    E Section Name        Object

    0x20000000   0x080014e8   0x00000014   Data   RW            7    .data               system_mm32spin2xx_p.o
    0x20000014   0x080014fc   0x00000010   Data   RW         1200    .data               hal_rcc.o
    0x20000024   0x0800150c   0x00000004   Data   RW         2421    .data               delay.o
    0x20000028   0x08001510   0x00000004   Data   RW         2879    .data               mc_p.l(stdout.o)
    0x2000002c   0x08001514   0x00000004   PAD
    0x20000030        -       0x00000400   Zero   RW          124    STACK               startup_mm32spin2xx_p.o


==============================================================================

Image component sizes


      Code (inc. data)   RO Data    RW Data    ZI Data      Debug   Object Name

       248         30          0          4          0       8127   delay.o
       202          6          0          0          0       1051   encode.o
       300          0          0          0          0       3711   hal_gpio.o
       112          6          0          0          0       1084   hal_misc.o
       412         46          0         16          0       6188   hal_rcc.o
      1408        192          0          0          0      15263   hal_tim.o
       198         10          0          0          0       4312   hal_uart.o
       128         20          0          0          0        451   main.o
        10          0          0          0          0        836   mm32spin2x_p_it.o
       644         34          0          0          0       3304   motor.o
       116         46        180          0       1024        876   startup_mm32spin2xx_p.o
       610         40          0         20          0     138460   system_mm32spin2xx_p.o
       238         16          0          0          0       3726   usart.o

    ----------------------------------------------------------------------
      4640        446        212         40       1024     187389   Object Totals
         0          0         32          0          0          0   (incl. Generated)
        14          0          0          0          0          0   (incl. Padding)

    ----------------------------------------------------------------------

      Code (inc. data)   RO Data    RW Data    ZI Data      Debug   Library Member Name

         0          0          0          0          0          0   entry.o
         0          0          0          0          0          0   entry10a.o
         0          0          0          0          0          0   entry11a.o
         8          4          0          0          0          0   entry2.o
         4          0          0          0          0          0   entry5.o
         0          0          0          0          0          0   entry7b.o
         0          0          0          0          0          0   entry8b.o
         8          4          0          0          0          0   entry9a.o
        30          0          0          0          0          0   handlers.o
        36          8          0          0          0         68   init.o
       368         12          0          0          0        168   printf1.o
         0          0          0          4          0          0   stdout.o
        44          0          0          0          0         72   uidiv.o

    ----------------------------------------------------------------------
       500         28          0          4          4        308   Library Totals
         2          0          0          0          4          0   (incl. Padding)

    ----------------------------------------------------------------------

      Code (inc. data)   RO Data    RW Data    ZI Data      Debug   Library Name

       498         28          0          4          0        308   mc_p.l

    ----------------------------------------------------------------------
       500         28          0          4          4        308   Library Totals

    ----------------------------------------------------------------------

==============================================================================


      Code (inc. data)   RO Data    RW Data    ZI Data      Debug   

      5140        474        212         44       1028     185165   Grand Totals
      5140        474        212         44       1028     185165   ELF Image Totals
      5140        474        212         44          0          0   ROM Totals

==============================================================================

    Total RO  Size (Code + RO Data)                 5352 (   5.23kB)
    Total RW  Size (RW Data + ZI Data)              1072 (   1.05kB)
    Total ROM Size (Code + RO Data + RW Data)       5396 (   5.27kB)

==============================================================================

